Product: MDK-ARM Standard 5.10
Component: ARM Compiler 5.04 update 1 (build 49)
Tool: armlink [5040049]

==============================================================================

Section Cross References

    system_stm32f0xx.o(.text) refers to uidiv.o(.text) for __aeabi_uidivmod
    system_stm32f0xx.o(.text) refers to system_stm32f0xx.o(.data) for SystemCoreClock
    gpio.o(.text) refers to stm32f0xx_rcc.o(.text) for RCC_AHBPeriphClockCmd
    gpio.o(.text) refers to stm32f0xx_gpio.o(.text) for GPIO_Init
    delay.o(.text) refers to delay.o(i.__ARM_common_switch8) for __ARM_common_switch8
    delay.o(.text) refers to stm32f0xx_rcc.o(.text) for RCC_DeInit
    delay.o(.text) refers to delay.o(.data) for fac_us
    usart.o(.text) refers to stm32f0xx_rcc.o(.text) for RCC_AHBPeriphClockCmd
    usart.o(.text) refers to stm32f0xx_gpio.o(.text) for GPIO_PinAFConfig
    usart.o(.text) refers to stm32f0xx_usart.o(.text) for USART_Init
    usart.o(.text) refers to stm32f0xx_misc.o(.text) for NVIC_Init
    main.o(.text) refers to gpio.o(.text) for My_GPIO_Init
    main.o(.text) refers to segger_rtt.o(.text) for SEGGER_RTT_ConfigUpBuffer
    main.o(.text) refers to stm32f0xx_misc.o(.text) for SysTick_CLKSourceConfig
    main.o(.text) refers to usart.o(.text) for USART_Configuration
    main.o(.text) refers to user_task_nrf905.o(.text) for task_nrf905
    main.o(.text) refers to user_task_nrf24l01.o(.text) for task_nrf24l01_t
    main.o(.text) refers to main.o(.data) for _lc
    main.o(.text) refers to sys_os.o(.data) for minoserror
    main.o(.text) refers to sys_os.o(.bss) for timers
    stm32f0xx_it.o(.text) refers to sys_usart.o(.text) for SYS_UART_IQR
    stm32f0xx_it.o(.text) refers to sys_os.o(.bss) for timers
    sys_usart.o(.text) refers to idiv.o(.text) for __aeabi_idivmod
    sys_usart.o(.text) refers to stm32f0xx_usart.o(.text) for USART_ITConfig
    sys_usart.o(.text) refers to sys_usart.o(.data) for TxCount
    sys_usart.o(.text) refers to sys_usart.o(.bss) for TxBuffer
    user_task_nrf24l01.o(.text) refers to g32-m0_nrf24l01.o(.text) for Nrf_Get_Sta
    user_task_nrf24l01.o(.text) refers to sys_usart.o(.text) for Sys_sPrintf
    user_task_nrf24l01.o(.text) refers to segger_rtt.o(.text) for SEGGER_RTT_WriteString
    user_task_nrf24l01.o(.text) refers to g32-m0_nrf24l01.o(.bss) for NRF24L01_RXDATA
    user_task_nrf24l01.o(.text) refers to main.o(.bss) for nrf_test
    user_task_nrf24l01.o(.text) refers to main.o(.data) for LED_STA
    user_task_nrf24l01.o(.text) refers to sys_usart.o(.data) for Rx_Adr
    user_task_nrf24l01.o(.text) refers to sys_usart.o(.bss) for RxBuffer
    user_task_nrf24l01.o(.text) refers to user_task_nrf24l01.o(.data) for _lc
    user_task_nrf24l01.o(.text) refers to sys_os.o(.data) for minoserror
    user_task_nrf905.o(.text) refers to nrf905.o(.text) for nRF905Init
    user_task_nrf905.o(.text) refers to printfb.o(i.__0printf$bare) for __2printf
    user_task_nrf905.o(.text) refers to sys_usart.o(.text) for Sys_sPrintf
    user_task_nrf905.o(.text) refers to user_task_nrf905.o(.data) for _lc
    user_task_nrf905.o(.text) refers to main.o(.data) for NRF_ID
    user_task_nrf905.o(.text) refers to sys_os.o(.data) for minoserror
    user_task_nrf905.o(.text) refers to sys_usart.o(.data) for Rx_Adr
    user_task_nrf905.o(.text) refers to nrf905.o(.bss) for TxRxBuf
    user_task_nrf905.o(.text) refers to sys_usart.o(.bss) for RxBuffer
    user_task_nrf905.o(.text) refers to main.o(.bss) for nrf_test
    spi.o(.text) refers to gpio.o(.text) for My_GPIO_Init
    spi.o(.text) refers to stm32f0xx_rcc.o(.text) for RCC_APB2PeriphClockCmd
    spi.o(.text) refers to stm32f0xx_gpio.o(.text) for GPIO_PinAFConfig
    spi.o(.text) refers to stm32f0xx_spi.o(.text) for SPI_Init
    exti.o(.text) refers to stm32f0xx_rcc.o(.text) for RCC_APB2PeriphClockCmd
    exti.o(.text) refers to stm32f0xx_misc.o(.text) for NVIC_Init
    exti.o(.text) refers to stm32f0xx_gpio.o(.text) for GPIO_Init
    exti.o(.text) refers to stm32f0xx_syscfg.o(.text) for SYSCFG_EXTILineConfig
    exti.o(.text) refers to stm32f0xx_exti.o(.text) for EXTI_Init
    nrf905.o(.text) refers to stm32f0xx_rcc.o(.text) for RCC_AHBPeriphClockCmd
    nrf905.o(.text) refers to stm32f0xx_gpio.o(.text) for GPIO_Init
    nrf905.o(.text) refers to nrf905.o(.data) for RFConf
    nrf905.o(.text) refers to nrf905.o(.bss) for TxRxBuf
    g32-m0_nrf24l01.o(.text) refers to gpio.o(.text) for My_GPIO_Init
    g32-m0_nrf24l01.o(.text) refers to spi.o(.text) for SPI0_Init
    g32-m0_nrf24l01.o(.text) refers to g32-m0_nrf24l01.o(.data) for TX_ADDRESS
    stm32f0xx_adc.o(.text) refers to stm32f0xx_rcc.o(.text) for RCC_APB2PeriphResetCmd
    stm32f0xx_cec.o(.text) refers to stm32f0xx_rcc.o(.text) for RCC_APB1PeriphResetCmd
    stm32f0xx_dac.o(.text) refers to stm32f0xx_rcc.o(.text) for RCC_APB1PeriphResetCmd
    stm32f0xx_gpio.o(.text) refers to stm32f0xx_rcc.o(.text) for RCC_AHBPeriphResetCmd
    stm32f0xx_i2c.o(.text) refers to stm32f0xx_rcc.o(.text) for RCC_APB1PeriphResetCmd
    stm32f0xx_pwr.o(.text) refers to stm32f0xx_rcc.o(.text) for RCC_APB1PeriphResetCmd
    stm32f0xx_rcc.o(.text) refers to uidiv.o(.text) for __aeabi_uidivmod
    stm32f0xx_rcc.o(.text) refers to stm32f0xx_rcc.o(.data) for APBAHBPrescTable
    stm32f0xx_spi.o(.text) refers to stm32f0xx_rcc.o(.text) for RCC_APB2PeriphResetCmd
    stm32f0xx_spi.o(.text) refers to uidiv.o(.text) for __aeabi_uidivmod
    stm32f0xx_tim.o(.text) refers to stm32f0xx_rcc.o(.text) for RCC_APB2PeriphResetCmd
    stm32f0xx_usart.o(.text) refers to stm32f0xx_rcc.o(.text) for RCC_APB2PeriphResetCmd
    stm32f0xx_usart.o(.text) refers to uidiv.o(.text) for __aeabi_uidivmod
    stm32f0xx_wwdg.o(.text) refers to stm32f0xx_rcc.o(.text) for RCC_APB1PeriphResetCmd
    startup_stm32f0xx.o(RESET) refers to startup_stm32f0xx.o(STACK) for __initial_sp
    startup_stm32f0xx.o(RESET) refers to startup_stm32f0xx.o(.text) for Reset_Handler
    startup_stm32f0xx.o(RESET) refers to stm32f0xx_it.o(.text) for SysTick_Handler
    startup_stm32f0xx.o(.text) refers to system_stm32f0xx.o(.text) for SystemInit
    startup_stm32f0xx.o(.text) refers to delay.o(.text) for RCC_Configuration
    startup_stm32f0xx.o(.text) refers to entry.o(.ARM.Collect$$$$00000000) for __main
    segger_rtt_printf.o(.text) refers to segger_rtt.o(.text) for SEGGER_RTT_Write
    segger_rtt_printf.o(.text) refers to uidiv.o(.text) for __aeabi_uidivmod
    segger_rtt_printf.o(.text) refers to segger_rtt_printf.o(.constdata) for _aV2C
    segger_rtt.o(.text) refers to memcpya.o(.text) for __aeabi_memcpy
    segger_rtt.o(.text) refers to segger_rtt.o(.data) for _SEGGER_RTT
    segger_rtt.o(.data) refers to segger_rtt.o(.conststring) for .conststring
    segger_rtt.o(.data) refers to segger_rtt.o(.bss) for _acUpBuffer
    entry.o(.ARM.Collect$$$$00000000) refers (Special) to entry10a.o(.ARM.Collect$$$$0000000D) for __rt_final_cpp
    entry.o(.ARM.Collect$$$$00000000) refers (Special) to entry11a.o(.ARM.Collect$$$$0000000F) for __rt_final_exit
    entry.o(.ARM.Collect$$$$00000000) refers (Special) to entry7b.o(.ARM.Collect$$$$00000008) for _main_clock
    entry.o(.ARM.Collect$$$$00000000) refers (Special) to entry8b.o(.ARM.Collect$$$$0000000A) for _main_cpp_init
    entry.o(.ARM.Collect$$$$00000000) refers (Special) to entry9a.o(.ARM.Collect$$$$0000000B) for _main_init
    entry.o(.ARM.Collect$$$$00000000) refers (Special) to entry5.o(.ARM.Collect$$$$00000004) for _main_scatterload
    entry.o(.ARM.Collect$$$$00000000) refers (Special) to entry2.o(.ARM.Collect$$$$00000001) for _main_stk
    idiv.o(.text) refers to uidiv.o(.text) for __aeabi_uidivmod
    printfb.o(i.__0fprintf$bare) refers to printfb.o(i._printf_core) for _printf_core
    printfb.o(i.__0fprintf$bare) refers to sys_usart.o(.text) for fputc
    printfb.o(i.__0printf$bare) refers to printfb.o(i._printf_core) for _printf_core
    printfb.o(i.__0printf$bare) refers to sys_usart.o(.text) for fputc
    printfb.o(i.__0printf$bare) refers to stdout.o(.data) for __stdout
    printfb.o(i.__0snprintf$bare) refers to printfb.o(i._printf_core) for _printf_core
    printfb.o(i.__0snprintf$bare) refers to printfb.o(i._snputc) for _snputc
    printfb.o(i.__0sprintf$bare) refers to printfb.o(i._printf_core) for _printf_core
    printfb.o(i.__0sprintf$bare) refers to printfb.o(i._sputc) for _sputc
    printfb.o(i.__0vfprintf$bare) refers to printfb.o(i._printf_core) for _printf_core
    printfb.o(i.__0vfprintf$bare) refers to sys_usart.o(.text) for fputc
    printfb.o(i.__0vprintf$bare) refers to printfb.o(i._printf_core) for _printf_core
    printfb.o(i.__0vprintf$bare) refers to sys_usart.o(.text) for fputc
    printfb.o(i.__0vprintf$bare) refers to stdout.o(.data) for __stdout
    printfb.o(i.__0vsnprintf$bare) refers to printfb.o(i._printf_core) for _printf_core
    printfb.o(i.__0vsnprintf$bare) refers to printfb.o(i._snputc) for _snputc
    printfb.o(i.__0vsprintf$bare) refers to printfb.o(i._printf_core) for _printf_core
    printfb.o(i.__0vsprintf$bare) refers to printfb.o(i._sputc) for _sputc
    printf0.o(i.__0fprintf$0) refers to printf0.o(i._printf_core) for _printf_core
    printf0.o(i.__0fprintf$0) refers to sys_usart.o(.text) for fputc
    printf0.o(i.__0printf$0) refers to printf0.o(i._printf_core) for _printf_core
    printf0.o(i.__0printf$0) refers to sys_usart.o(.text) for fputc
    printf0.o(i.__0printf$0) refers to stdout.o(.data) for __stdout
    printf0.o(i.__0snprintf$0) refers to printf0.o(i._printf_core) for _printf_core
    printf0.o(i.__0snprintf$0) refers to printf0.o(i._snputc) for _snputc
    printf0.o(i.__0sprintf$0) refers to printf0.o(i._printf_core) for _printf_core
    printf0.o(i.__0sprintf$0) refers to printf0.o(i._sputc) for _sputc
    printf0.o(i.__0vfprintf$0) refers to printf0.o(i._printf_core) for _printf_core
    printf0.o(i.__0vfprintf$0) refers to sys_usart.o(.text) for fputc
    printf0.o(i.__0vprintf$0) refers to printf0.o(i._printf_core) for _printf_core
    printf0.o(i.__0vprintf$0) refers to sys_usart.o(.text) for fputc
    printf0.o(i.__0vprintf$0) refers to stdout.o(.data) for __stdout
    printf0.o(i.__0vsnprintf$0) refers to printf0.o(i._printf_core) for _printf_core
    printf0.o(i.__0vsnprintf$0) refers to printf0.o(i._snputc) for _snputc
    printf0.o(i.__0vsprintf$0) refers to printf0.o(i._printf_core) for _printf_core
    printf0.o(i.__0vsprintf$0) refers to printf0.o(i._sputc) for _sputc
    printf1.o(i.__0fprintf$1) refers to printf1.o(i._printf_core) for _printf_core
    printf1.o(i.__0fprintf$1) refers to sys_usart.o(.text) for fputc
    printf1.o(i.__0printf$1) refers to printf1.o(i._printf_core) for _printf_core
    printf1.o(i.__0printf$1) refers to sys_usart.o(.text) for fputc
    printf1.o(i.__0printf$1) refers to stdout.o(.data) for __stdout
    printf1.o(i.__0snprintf$1) refers to printf1.o(i._printf_core) for _printf_core
    printf1.o(i.__0snprintf$1) refers to printf1.o(i._snputc) for _snputc
    printf1.o(i.__0sprintf$1) refers to printf1.o(i._printf_core) for _printf_core
    printf1.o(i.__0sprintf$1) refers to printf1.o(i._sputc) for _sputc
    printf1.o(i.__0vfprintf$1) refers to printf1.o(i._printf_core) for _printf_core
    printf1.o(i.__0vfprintf$1) refers to sys_usart.o(.text) for fputc
    printf1.o(i.__0vprintf$1) refers to printf1.o(i._printf_core) for _printf_core
    printf1.o(i.__0vprintf$1) refers to sys_usart.o(.text) for fputc
    printf1.o(i.__0vprintf$1) refers to stdout.o(.data) for __stdout
    printf1.o(i.__0vsnprintf$1) refers to printf1.o(i._printf_core) for _printf_core
    printf1.o(i.__0vsnprintf$1) refers to printf1.o(i._snputc) for _snputc
    printf1.o(i.__0vsprintf$1) refers to printf1.o(i._printf_core) for _printf_core
    printf1.o(i.__0vsprintf$1) refers to printf1.o(i._sputc) for _sputc
    printf1.o(i._printf_core) refers to uidiv.o(.text) for __aeabi_uidivmod
    printf2.o(i.__0fprintf$2) refers to printf2.o(i._printf_core) for _printf_core
    printf2.o(i.__0fprintf$2) refers to sys_usart.o(.text) for fputc
    printf2.o(i.__0printf$2) refers to printf2.o(i._printf_core) for _printf_core
    printf2.o(i.__0printf$2) refers to sys_usart.o(.text) for fputc
    printf2.o(i.__0printf$2) refers to stdout.o(.data) for __stdout
    printf2.o(i.__0snprintf$2) refers to printf2.o(i._printf_core) for _printf_core
    printf2.o(i.__0snprintf$2) refers to printf2.o(i._snputc) for _snputc
    printf2.o(i.__0sprintf$2) refers to printf2.o(i._printf_core) for _printf_core
    printf2.o(i.__0sprintf$2) refers to printf2.o(i._sputc) for _sputc
    printf2.o(i.__0vfprintf$2) refers to printf2.o(i._printf_core) for _printf_core
    printf2.o(i.__0vfprintf$2) refers to sys_usart.o(.text) for fputc
    printf2.o(i.__0vprintf$2) refers to printf2.o(i._printf_core) for _printf_core
    printf2.o(i.__0vprintf$2) refers to sys_usart.o(.text) for fputc
    printf2.o(i.__0vprintf$2) refers to stdout.o(.data) for __stdout
    printf2.o(i.__0vsnprintf$2) refers to printf2.o(i._printf_core) for _printf_core
    printf2.o(i.__0vsnprintf$2) refers to printf2.o(i._snputc) for _snputc
    printf2.o(i.__0vsprintf$2) refers to printf2.o(i._printf_core) for _printf_core
    printf2.o(i.__0vsprintf$2) refers to printf2.o(i._sputc) for _sputc
    printf3.o(i.__0fprintf$3) refers to printf3.o(i._printf_core) for _printf_core
    printf3.o(i.__0fprintf$3) refers to sys_usart.o(.text) for fputc
    printf3.o(i.__0printf$3) refers to printf3.o(i._printf_core) for _printf_core
    printf3.o(i.__0printf$3) refers to sys_usart.o(.text) for fputc
    printf3.o(i.__0printf$3) refers to stdout.o(.data) for __stdout
    printf3.o(i.__0snprintf$3) refers to printf3.o(i._printf_core) for _printf_core
    printf3.o(i.__0snprintf$3) refers to printf3.o(i._snputc) for _snputc
    printf3.o(i.__0sprintf$3) refers to printf3.o(i._printf_core) for _printf_core
    printf3.o(i.__0sprintf$3) refers to printf3.o(i._sputc) for _sputc
    printf3.o(i.__0vfprintf$3) refers to printf3.o(i._printf_core) for _printf_core
    printf3.o(i.__0vfprintf$3) refers to sys_usart.o(.text) for fputc
    printf3.o(i.__0vprintf$3) refers to printf3.o(i._printf_core) for _printf_core
    printf3.o(i.__0vprintf$3) refers to sys_usart.o(.text) for fputc
    printf3.o(i.__0vprintf$3) refers to stdout.o(.data) for __stdout
    printf3.o(i.__0vsnprintf$3) refers to printf3.o(i._printf_core) for _printf_core
    printf3.o(i.__0vsnprintf$3) refers to printf3.o(i._snputc) for _snputc
    printf3.o(i.__0vsprintf$3) refers to printf3.o(i._printf_core) for _printf_core
    printf3.o(i.__0vsprintf$3) refers to printf3.o(i._sputc) for _sputc
    printf3.o(i._printf_core) refers to uidiv.o(.text) for __aeabi_uidivmod
    printf4.o(i.__0fprintf$4) refers to printf4.o(i._printf_core) for _printf_core
    printf4.o(i.__0fprintf$4) refers to sys_usart.o(.text) for fputc
    printf4.o(i.__0printf$4) refers to printf4.o(i._printf_core) for _printf_core
    printf4.o(i.__0printf$4) refers to sys_usart.o(.text) for fputc
    printf4.o(i.__0printf$4) refers to stdout.o(.data) for __stdout
    printf4.o(i.__0snprintf$4) refers to printf4.o(i._printf_core) for _printf_core
    printf4.o(i.__0snprintf$4) refers to printf4.o(i._snputc) for _snputc
    printf4.o(i.__0sprintf$4) refers to printf4.o(i._printf_core) for _printf_core
    printf4.o(i.__0sprintf$4) refers to printf4.o(i._sputc) for _sputc
    printf4.o(i.__0vfprintf$4) refers to printf4.o(i._printf_core) for _printf_core
    printf4.o(i.__0vfprintf$4) refers to sys_usart.o(.text) for fputc
    printf4.o(i.__0vprintf$4) refers to printf4.o(i._printf_core) for _printf_core
    printf4.o(i.__0vprintf$4) refers to sys_usart.o(.text) for fputc
    printf4.o(i.__0vprintf$4) refers to stdout.o(.data) for __stdout
    printf4.o(i.__0vsnprintf$4) refers to printf4.o(i._printf_core) for _printf_core
    printf4.o(i.__0vsnprintf$4) refers to printf4.o(i._snputc) for _snputc
    printf4.o(i.__0vsprintf$4) refers to printf4.o(i._printf_core) for _printf_core
    printf4.o(i.__0vsprintf$4) refers to printf4.o(i._sputc) for _sputc
    printf4.o(i._printf_core) refers to uldiv.o(.text) for __aeabi_uldivmod
    printf5.o(i.__0fprintf$5) refers to printf5.o(i._printf_core) for _printf_core
    printf5.o(i.__0fprintf$5) refers to sys_usart.o(.text) for fputc
    printf5.o(i.__0printf$5) refers to printf5.o(i._printf_core) for _printf_core
    printf5.o(i.__0printf$5) refers to sys_usart.o(.text) for fputc
    printf5.o(i.__0printf$5) refers to stdout.o(.data) for __stdout
    printf5.o(i.__0snprintf$5) refers to printf5.o(i._printf_core) for _printf_core
    printf5.o(i.__0snprintf$5) refers to printf5.o(i._snputc) for _snputc
    printf5.o(i.__0sprintf$5) refers to printf5.o(i._printf_core) for _printf_core
    printf5.o(i.__0sprintf$5) refers to printf5.o(i._sputc) for _sputc
    printf5.o(i.__0vfprintf$5) refers to printf5.o(i._printf_core) for _printf_core
    printf5.o(i.__0vfprintf$5) refers to sys_usart.o(.text) for fputc
    printf5.o(i.__0vprintf$5) refers to printf5.o(i._printf_core) for _printf_core
    printf5.o(i.__0vprintf$5) refers to sys_usart.o(.text) for fputc
    printf5.o(i.__0vprintf$5) refers to stdout.o(.data) for __stdout
    printf5.o(i.__0vsnprintf$5) refers to printf5.o(i._printf_core) for _printf_core
    printf5.o(i.__0vsnprintf$5) refers to printf5.o(i._snputc) for _snputc
    printf5.o(i.__0vsprintf$5) refers to printf5.o(i._printf_core) for _printf_core
    printf5.o(i.__0vsprintf$5) refers to printf5.o(i._sputc) for _sputc
    printf5.o(i._printf_core) refers to uldiv.o(.text) for __aeabi_uldivmod
    printf6.o(i.__0fprintf$6) refers to printf6.o(i._printf_core) for _printf_core
    printf6.o(i.__0fprintf$6) refers to sys_usart.o(.text) for fputc
    printf6.o(i.__0printf$6) refers to printf6.o(i._printf_core) for _printf_core
    printf6.o(i.__0printf$6) refers to sys_usart.o(.text) for fputc
    printf6.o(i.__0printf$6) refers to stdout.o(.data) for __stdout
    printf6.o(i.__0snprintf$6) refers to printf6.o(i._printf_core) for _printf_core
    printf6.o(i.__0snprintf$6) refers to printf6.o(i._snputc) for _snputc
    printf6.o(i.__0sprintf$6) refers to printf6.o(i._printf_core) for _printf_core
    printf6.o(i.__0sprintf$6) refers to printf6.o(i._sputc) for _sputc
    printf6.o(i.__0vfprintf$6) refers to printf6.o(i._printf_core) for _printf_core
    printf6.o(i.__0vfprintf$6) refers to sys_usart.o(.text) for fputc
    printf6.o(i.__0vprintf$6) refers to printf6.o(i._printf_core) for _printf_core
    printf6.o(i.__0vprintf$6) refers to sys_usart.o(.text) for fputc
    printf6.o(i.__0vprintf$6) refers to stdout.o(.data) for __stdout
    printf6.o(i.__0vsnprintf$6) refers to printf6.o(i._printf_core) for _printf_core
    printf6.o(i.__0vsnprintf$6) refers to printf6.o(i._snputc) for _snputc
    printf6.o(i.__0vsprintf$6) refers to printf6.o(i._printf_core) for _printf_core
    printf6.o(i.__0vsprintf$6) refers to printf6.o(i._sputc) for _sputc
    printf6.o(i._printf_core) refers to printf6.o(i._printf_pre_padding) for _printf_pre_padding
    printf6.o(i._printf_core) refers to printf6.o(i._printf_post_padding) for _printf_post_padding
    printf6.o(i._printf_core) refers to uidiv.o(.text) for __aeabi_uidivmod
    printf7.o(i.__0fprintf$7) refers to printf7.o(i._printf_core) for _printf_core
    printf7.o(i.__0fprintf$7) refers to sys_usart.o(.text) for fputc
    printf7.o(i.__0printf$7) refers to printf7.o(i._printf_core) for _printf_core
    printf7.o(i.__0printf$7) refers to sys_usart.o(.text) for fputc
    printf7.o(i.__0printf$7) refers to stdout.o(.data) for __stdout
    printf7.o(i.__0snprintf$7) refers to printf7.o(i._printf_core) for _printf_core
    printf7.o(i.__0snprintf$7) refers to printf7.o(i._snputc) for _snputc
    printf7.o(i.__0sprintf$7) refers to printf7.o(i._printf_core) for _printf_core
    printf7.o(i.__0sprintf$7) refers to printf7.o(i._sputc) for _sputc
    printf7.o(i.__0vfprintf$7) refers to printf7.o(i._printf_core) for _printf_core
    printf7.o(i.__0vfprintf$7) refers to sys_usart.o(.text) for fputc
    printf7.o(i.__0vprintf$7) refers to printf7.o(i._printf_core) for _printf_core
    printf7.o(i.__0vprintf$7) refers to sys_usart.o(.text) for fputc
    printf7.o(i.__0vprintf$7) refers to stdout.o(.data) for __stdout
    printf7.o(i.__0vsnprintf$7) refers to printf7.o(i._printf_core) for _printf_core
    printf7.o(i.__0vsnprintf$7) refers to printf7.o(i._snputc) for _snputc
    printf7.o(i.__0vsprintf$7) refers to printf7.o(i._printf_core) for _printf_core
    printf7.o(i.__0vsprintf$7) refers to printf7.o(i._sputc) for _sputc
    printf7.o(i._printf_core) refers to printf7.o(i._printf_pre_padding) for _printf_pre_padding
    printf7.o(i._printf_core) refers to printf7.o(i._printf_post_padding) for _printf_post_padding
    printf7.o(i._printf_core) refers to uldiv.o(.text) for __aeabi_uldivmod
    printf8.o(i.__0fprintf$8) refers to printf8.o(i._printf_core) for _printf_core
    printf8.o(i.__0fprintf$8) refers to sys_usart.o(.text) for fputc
    printf8.o(i.__0printf$8) refers to printf8.o(i._printf_core) for _printf_core
    printf8.o(i.__0printf$8) refers to sys_usart.o(.text) for fputc
    printf8.o(i.__0printf$8) refers to stdout.o(.data) for __stdout
    printf8.o(i.__0snprintf$8) refers to printf8.o(i._printf_core) for _printf_core
    printf8.o(i.__0snprintf$8) refers to printf8.o(i._snputc) for _snputc
    printf8.o(i.__0sprintf$8) refers to printf8.o(i._printf_core) for _printf_core
    printf8.o(i.__0sprintf$8) refers to printf8.o(i._sputc) for _sputc
    printf8.o(i.__0vfprintf$8) refers to printf8.o(i._printf_core) for _printf_core
    printf8.o(i.__0vfprintf$8) refers to sys_usart.o(.text) for fputc
    printf8.o(i.__0vprintf$8) refers to printf8.o(i._printf_core) for _printf_core
    printf8.o(i.__0vprintf$8) refers to sys_usart.o(.text) for fputc
    printf8.o(i.__0vprintf$8) refers to stdout.o(.data) for __stdout
    printf8.o(i.__0vsnprintf$8) refers to printf8.o(i._printf_core) for _printf_core
    printf8.o(i.__0vsnprintf$8) refers to printf8.o(i._snputc) for _snputc
    printf8.o(i.__0vsprintf$8) refers to printf8.o(i._printf_core) for _printf_core
    printf8.o(i.__0vsprintf$8) refers to printf8.o(i._sputc) for _sputc
    printf8.o(i._printf_core) refers to printf8.o(i._printf_pre_padding) for _printf_pre_padding
    printf8.o(i._printf_core) refers to printf8.o(i._printf_post_padding) for _printf_post_padding
    printf8.o(i._printf_core) refers to uldiv.o(.text) for __aeabi_uldivmod
    printfa.o(i.__0fprintf) refers (Special) to iusefp.o(.text) for __I$use$fp
    printfa.o(i.__0fprintf) refers to printfa.o(i._printf_core) for _printf_core
    printfa.o(i.__0fprintf) refers to sys_usart.o(.text) for fputc
    printfa.o(i.__0printf) refers (Special) to iusefp.o(.text) for __I$use$fp
    printfa.o(i.__0printf) refers to printfa.o(i._printf_core) for _printf_core
    printfa.o(i.__0printf) refers to sys_usart.o(.text) for fputc
    printfa.o(i.__0printf) refers to stdout.o(.data) for __stdout
    printfa.o(i.__0snprintf) refers (Special) to iusefp.o(.text) for __I$use$fp
    printfa.o(i.__0snprintf) refers to printfa.o(i._printf_core) for _printf_core
    printfa.o(i.__0snprintf) refers to printfa.o(i._snputc) for _snputc
    printfa.o(i.__0sprintf) refers (Special) to iusefp.o(.text) for __I$use$fp
    printfa.o(i.__0sprintf) refers to printfa.o(i._printf_core) for _printf_core
    printfa.o(i.__0sprintf) refers to printfa.o(i._sputc) for _sputc
    printfa.o(i.__0vfprintf) refers (Special) to iusefp.o(.text) for __I$use$fp
    printfa.o(i.__0vfprintf) refers to printfa.o(i._printf_core) for _printf_core
    printfa.o(i.__0vfprintf) refers to sys_usart.o(.text) for fputc
    printfa.o(i.__0vprintf) refers (Special) to iusefp.o(.text) for __I$use$fp
    printfa.o(i.__0vprintf) refers to printfa.o(i._printf_core) for _printf_core
    printfa.o(i.__0vprintf) refers to sys_usart.o(.text) for fputc
    printfa.o(i.__0vprintf) refers to stdout.o(.data) for __stdout
    printfa.o(i.__0vsnprintf) refers (Special) to iusefp.o(.text) for __I$use$fp
    printfa.o(i.__0vsnprintf) refers to printfa.o(i._printf_core) for _printf_core
    printfa.o(i.__0vsnprintf) refers to printfa.o(i._snputc) for _snputc
    printfa.o(i.__0vsprintf) refers (Special) to iusefp.o(.text) for __I$use$fp
    printfa.o(i.__0vsprintf) refers to printfa.o(i._printf_core) for _printf_core
    printfa.o(i.__0vsprintf) refers to printfa.o(i._sputc) for _sputc
    printfa.o(i._fp_digits) refers (Special) to iusefp.o(.text) for __I$use$fp
    printfa.o(i._fp_digits) refers to dmul.o(.text) for __aeabi_dmul
    printfa.o(i._fp_digits) refers to ddiv.o(.text) for __aeabi_ddiv
    printfa.o(i._fp_digits) refers to cdrcmple.o(.text) for __aeabi_cdrcmple
    printfa.o(i._fp_digits) refers to dadd.o(.text) for __aeabi_dadd
    printfa.o(i._fp_digits) refers to dfixul.o(.text) for __aeabi_d2ulz
    printfa.o(i._fp_digits) refers to uldiv.o(.text) for __aeabi_uldivmod
    printfa.o(i._printf_core) refers (Special) to iusefp.o(.text) for __I$use$fp
    printfa.o(i._printf_core) refers to printfa.o(i._printf_pre_padding) for _printf_pre_padding
    printfa.o(i._printf_core) refers to uldiv.o(.text) for __aeabi_uldivmod
    printfa.o(i._printf_core) refers to printfa.o(i._printf_post_padding) for _printf_post_padding
    printfa.o(i._printf_core) refers to printfa.o(i._fp_digits) for _fp_digits
    printfa.o(i._printf_core) refers to uidiv.o(.text) for __aeabi_uidivmod
    printfa.o(i._printf_post_padding) refers (Special) to iusefp.o(.text) for __I$use$fp
    printfa.o(i._printf_pre_padding) refers (Special) to iusefp.o(.text) for __I$use$fp
    printfa.o(i._snputc) refers (Special) to iusefp.o(.text) for __I$use$fp
    printfa.o(i._sputc) refers (Special) to iusefp.o(.text) for __I$use$fp
    entry2.o(.ARM.Collect$$$$00000001) refers to entry2.o(.ARM.Collect$$$$00002712) for __lit__00000000
    entry2.o(.ARM.Collect$$$$00002712) refers to startup_stm32f0xx.o(STACK) for __initial_sp
    entry2.o(__vectab_stack_and_reset_area) refers to startup_stm32f0xx.o(STACK) for __initial_sp
    entry2.o(__vectab_stack_and_reset_area) refers to entry.o(.ARM.Collect$$$$00000000) for __main
    entry5.o(.ARM.Collect$$$$00000004) refers to init.o(.text) for __scatterload
    entry9a.o(.ARM.Collect$$$$0000000B) refers to main.o(.text) for main
    entry9b.o(.ARM.Collect$$$$0000000C) refers to main.o(.text) for main
    uldiv.o(.text) refers to llushr.o(.text) for __aeabi_llsr
    uldiv.o(.text) refers to llshl.o(.text) for __aeabi_llsl
    dadd.o(.text) refers to llshl.o(.text) for __aeabi_llsl
    dadd.o(.text) refers to llsshr.o(.text) for __aeabi_lasr
    dadd.o(.text) refers to depilogue.o(.text) for _double_epilogue
    dmul.o(.text) refers to depilogue.o(.text) for _double_epilogue
    ddiv.o(.text) refers to depilogue.o(.text) for _double_round
    dfixul.o(.text) refers to llushr.o(.text) for __aeabi_llsr
    dfixul.o(.text) refers to llshl.o(.text) for __aeabi_llsl
    init.o(.text) refers to entry5.o(.ARM.Collect$$$$00000004) for __main_after_scatterload
    depilogue.o(.text) refers to depilogue.o(i.__ARM_clz) for __ARM_clz
    depilogue.o(.text) refers to llshl.o(.text) for __aeabi_llsl
    depilogue.o(.text) refers to llushr.o(.text) for __aeabi_llsr


==============================================================================

Removing Unused input sections from the image.

    Removing system_stm32f0xx.o(.emb_text), (8 bytes).
    Removing gpio.o(.emb_text), (8 bytes).
    Removing delay.o(.emb_text), (8 bytes).
    Removing usart.o(.emb_text), (8 bytes).
    Removing sys_os.o(.emb_text), (8 bytes).
    Removing main.o(.emb_text), (8 bytes).
    Removing stm32f0xx_it.o(.emb_text), (8 bytes).
    Removing sys_usart.o(.emb_text), (8 bytes).
    Removing user_task_nrf24l01.o(.emb_text), (8 bytes).
    Removing user_task_nrf905.o(.emb_text), (8 bytes).
    Removing spi.o(.emb_text), (8 bytes).
    Removing exti.o(.emb_text), (8 bytes).
    Removing exti.o(.text), (484 bytes).
    Removing nrf905.o(.emb_text), (8 bytes).
    Removing g32-m0_nrf24l01.o(.emb_text), (8 bytes).
    Removing stm32f0xx_adc.o(.emb_text), (8 bytes).
    Removing stm32f0xx_adc.o(.text), (744 bytes).
    Removing stm32f0xx_cec.o(.emb_text), (8 bytes).
    Removing stm32f0xx_cec.o(.text), (336 bytes).
    Removing stm32f0xx_comp.o(.emb_text), (8 bytes).
    Removing stm32f0xx_comp.o(.text), (232 bytes).
    Removing stm32f0xx_crc.o(.emb_text), (8 bytes).
    Removing stm32f0xx_crc.o(.text), (160 bytes).
    Removing stm32f0xx_dac.o(.emb_text), (8 bytes).
    Removing stm32f0xx_dac.o(.text), (380 bytes).
    Removing stm32f0xx_dbgmcu.o(.emb_text), (8 bytes).
    Removing stm32f0xx_dbgmcu.o(.text), (108 bytes).
    Removing stm32f0xx_dma.o(.emb_text), (8 bytes).
    Removing stm32f0xx_dma.o(.text), (368 bytes).
    Removing stm32f0xx_exti.o(.emb_text), (8 bytes).
    Removing stm32f0xx_exti.o(.text), (264 bytes).
    Removing stm32f0xx_flash.o(.emb_text), (8 bytes).
    Removing stm32f0xx_flash.o(.text), (1512 bytes).
    Removing stm32f0xx_gpio.o(.emb_text), (8 bytes).
    Removing stm32f0xx_i2c.o(.emb_text), (8 bytes).
    Removing stm32f0xx_i2c.o(.text), (1182 bytes).
    Removing stm32f0xx_iwdg.o(.emb_text), (8 bytes).
    Removing stm32f0xx_iwdg.o(.text), (76 bytes).
    Removing stm32f0xx_misc.o(.emb_text), (8 bytes).
    Removing stm32f0xx_pwr.o(.emb_text), (8 bytes).
    Removing stm32f0xx_pwr.o(.text), (316 bytes).
    Removing stm32f0xx_rcc.o(.emb_text), (8 bytes).
    Removing stm32f0xx_rtc.o(.emb_text), (8 bytes).
    Removing stm32f0xx_rtc.o(.text), (2956 bytes).
    Removing stm32f0xx_spi.o(.emb_text), (8 bytes).
    Removing stm32f0xx_syscfg.o(.emb_text), (8 bytes).
    Removing stm32f0xx_syscfg.o(.text), (240 bytes).
    Removing stm32f0xx_tim.o(.emb_text), (8 bytes).
    Removing stm32f0xx_tim.o(.text), (3020 bytes).
    Removing stm32f0xx_usart.o(.emb_text), (8 bytes).
    Removing stm32f0xx_wwdg.o(.emb_text), (8 bytes).
    Removing stm32f0xx_wwdg.o(.text), (148 bytes).
    Removing startup_stm32f0xx.o(HEAP), (512 bytes).
    Removing segger_rtt_printf.o(.text), (1172 bytes).
    Removing segger_rtt_printf.o(.constdata), (16 bytes).
    Removing dadd.o(.text), (356 bytes).
    Removing dmul.o(.text), (208 bytes).
    Removing ddiv.o(.text), (240 bytes).
    Removing dfixul.o(.text), (64 bytes).
    Removing cdrcmple.o(.text), (40 bytes).
    Removing depilogue.o(.text), (190 bytes).
    Removing depilogue.o(i.__ARM_clz), (46 bytes).

62 unused section(s) (total 15650 bytes) removed from the image.

==============================================================================

Image Symbol Table

    Local Symbols

    Symbol Name                              Value     Ov Type        Size  Object(Section)

    ../clib/microlib/division.c              0x00000000   Number         0  idiv.o ABSOLUTE
    ../clib/microlib/division.c              0x00000000   Number         0  uidiv.o ABSOLUTE
    ../clib/microlib/division.c              0x00000000   Number         0  uldiv.o ABSOLUTE
    ../clib/microlib/init/entry.s            0x00000000   Number         0  entry5.o ABSOLUTE
    ../clib/microlib/init/entry.s            0x00000000   Number         0  entry8b.o ABSOLUTE
    ../clib/microlib/init/entry.s            0x00000000   Number         0  entry8a.o ABSOLUTE
    ../clib/microlib/init/entry.s            0x00000000   Number         0  entry7b.o ABSOLUTE
    ../clib/microlib/init/entry.s            0x00000000   Number         0  entry2.o ABSOLUTE
    ../clib/microlib/init/entry.s            0x00000000   Number         0  entry9a.o ABSOLUTE
    ../clib/microlib/init/entry.s            0x00000000   Number         0  entry7a.o ABSOLUTE
    ../clib/microlib/init/entry.s            0x00000000   Number         0  entry.o ABSOLUTE
    ../clib/microlib/init/entry.s            0x00000000   Number         0  entry10a.o ABSOLUTE
    ../clib/microlib/init/entry.s            0x00000000   Number         0  entry9b.o ABSOLUTE
    ../clib/microlib/init/entry.s            0x00000000   Number         0  entry10b.o ABSOLUTE
    ../clib/microlib/init/entry.s            0x00000000   Number         0  entry11b.o ABSOLUTE
    ../clib/microlib/init/entry.s            0x00000000   Number         0  entry11a.o ABSOLUTE
    ../clib/microlib/longlong.c              0x00000000   Number         0  llsshr.o ABSOLUTE
    ../clib/microlib/longlong.c              0x00000000   Number         0  llushr.o ABSOLUTE
    ../clib/microlib/longlong.c              0x00000000   Number         0  llshl.o ABSOLUTE
    ../clib/microlib/printf/printf.c         0x00000000   Number         0  printf4.o ABSOLUTE
    ../clib/microlib/printf/printf.c         0x00000000   Number         0  printf6.o ABSOLUTE
    ../clib/microlib/printf/printf.c         0x00000000   Number         0  printf7.o ABSOLUTE
    ../clib/microlib/printf/printf.c         0x00000000   Number         0  printf8.o ABSOLUTE
    ../clib/microlib/printf/printf.c         0x00000000   Number         0  printf3.o ABSOLUTE
    ../clib/microlib/printf/printf.c         0x00000000   Number         0  printf2.o ABSOLUTE
    ../clib/microlib/printf/printf.c         0x00000000   Number         0  printf1.o ABSOLUTE
    ../clib/microlib/printf/printf.c         0x00000000   Number         0  printf0.o ABSOLUTE
    ../clib/microlib/printf/printf.c         0x00000000   Number         0  printfa.o ABSOLUTE
    ../clib/microlib/printf/printf.c         0x00000000   Number         0  printf5.o ABSOLUTE
    ../clib/microlib/printf/printf.c         0x00000000   Number         0  printfb.o ABSOLUTE
    ../clib/microlib/stdio/streams.c         0x00000000   Number         0  stdout.o ABSOLUTE
    ../clib/microlib/string/memcpy.c         0x00000000   Number         0  memcpya.o ABSOLUTE
    ../clib/microlib/string/memcpy.c         0x00000000   Number         0  memcpyb.o ABSOLUTE
    ../clib/microlib/stubs.s                 0x00000000   Number         0  iusefp.o ABSOLUTE
    ../fplib/microlib/fpadd.c                0x00000000   Number         0  dadd.o ABSOLUTE
    ../fplib/microlib/fpdiv.c                0x00000000   Number         0  ddiv.o ABSOLUTE
    ../fplib/microlib/fpepilogue.c           0x00000000   Number         0  depilogue.o ABSOLUTE
    ../fplib/microlib/fpfix.c                0x00000000   Number         0  dfixul.o ABSOLUTE
    ../fplib/microlib/fpmul.c                0x00000000   Number         0  dmul.o ABSOLUTE
    ..\STM32-M0_LIB\HARDWARE\exti.c          0x00000000   Number         0  exti.o ABSOLUTE
    ..\STM32-M0_LIB\HARDWARE\spi.c           0x00000000   Number         0  spi.o ABSOLUTE
    ..\STM32-M0_LIB\PERIPHERAL\NRF24L01\G32-M0_Nrf24l01.C 0x00000000   Number         0  g32-m0_nrf24l01.o ABSOLUTE
    ..\STM32-M0_LIB\PERIPHERAL\NRF905\NRF905.c 0x00000000   Number         0  nrf905.o ABSOLUTE
    ..\STM32-M0_LIB\RTT_Implementation_140806\RTT\SEGGER_RTT.c 0x00000000   Number         0  segger_rtt.o ABSOLUTE
    ..\STM32-M0_LIB\RTT_Implementation_140806\RTT\SEGGER_RTT_Printf.c 0x00000000   Number         0  segger_rtt_printf.o ABSOLUTE
    ..\STM32-M0_LIB\SYSTEM\delay.c           0x00000000   Number         0  delay.o ABSOLUTE
    ..\STM32-M0_LIB\SYSTEM\gpio.c            0x00000000   Number         0  gpio.o ABSOLUTE
    ..\STM32-M0_LIB\SYSTEM\sys_os.c          0x00000000   Number         0  sys_os.o ABSOLUTE
    ..\STM32-M0_LIB\SYSTEM\sys_usart.c       0x00000000   Number         0  sys_usart.o ABSOLUTE
    ..\STM32-M0_LIB\SYSTEM\usart.c           0x00000000   Number         0  usart.o ABSOLUTE
    ..\STM32-M0_LIB\stm32f0_stdperiph_lib\STM32F0xx_StdPeriph_Lib_V1.0.0\Libraries\CMSIS\Device\ST\STM32F0xx\Source\Templates\arm\startup_stm32f0xx.s 0x00000000   Number         0  startup_stm32f0xx.o ABSOLUTE
    ..\STM32-M0_LIB\stm32f0_stdperiph_lib\STM32F0xx_StdPeriph_Lib_V1.0.0\Libraries\CMSIS\Device\ST\STM32F0xx\Source\Templates\system_stm32f0xx.c 0x00000000   Number         0  system_stm32f0xx.o ABSOLUTE
    ..\STM32-M0_LIB\stm32f0_stdperiph_lib\STM32F0xx_StdPeriph_Lib_V1.0.0\Libraries\STM32F0xx_StdPeriph_Driver\src\stm32f0xx_adc.c 0x00000000   Number         0  stm32f0xx_adc.o ABSOLUTE
    ..\STM32-M0_LIB\stm32f0_stdperiph_lib\STM32F0xx_StdPeriph_Lib_V1.0.0\Libraries\STM32F0xx_StdPeriph_Driver\src\stm32f0xx_cec.c 0x00000000   Number         0  stm32f0xx_cec.o ABSOLUTE
    ..\STM32-M0_LIB\stm32f0_stdperiph_lib\STM32F0xx_StdPeriph_Lib_V1.0.0\Libraries\STM32F0xx_StdPeriph_Driver\src\stm32f0xx_comp.c 0x00000000   Number         0  stm32f0xx_comp.o ABSOLUTE
    ..\STM32-M0_LIB\stm32f0_stdperiph_lib\STM32F0xx_StdPeriph_Lib_V1.0.0\Libraries\STM32F0xx_StdPeriph_Driver\src\stm32f0xx_crc.c 0x00000000   Number         0  stm32f0xx_crc.o ABSOLUTE
    ..\STM32-M0_LIB\stm32f0_stdperiph_lib\STM32F0xx_StdPeriph_Lib_V1.0.0\Libraries\STM32F0xx_StdPeriph_Driver\src\stm32f0xx_dac.c 0x00000000   Number         0  stm32f0xx_dac.o ABSOLUTE
    ..\STM32-M0_LIB\stm32f0_stdperiph_lib\STM32F0xx_StdPeriph_Lib_V1.0.0\Libraries\STM32F0xx_StdPeriph_Driver\src\stm32f0xx_dbgmcu.c 0x00000000   Number         0  stm32f0xx_dbgmcu.o ABSOLUTE
    ..\STM32-M0_LIB\stm32f0_stdperiph_lib\STM32F0xx_StdPeriph_Lib_V1.0.0\Libraries\STM32F0xx_StdPeriph_Driver\src\stm32f0xx_dma.c 0x00000000   Number         0  stm32f0xx_dma.o ABSOLUTE
    ..\STM32-M0_LIB\stm32f0_stdperiph_lib\STM32F0xx_StdPeriph_Lib_V1.0.0\Libraries\STM32F0xx_StdPeriph_Driver\src\stm32f0xx_exti.c 0x00000000   Number         0  stm32f0xx_exti.o ABSOLUTE
    ..\STM32-M0_LIB\stm32f0_stdperiph_lib\STM32F0xx_StdPeriph_Lib_V1.0.0\Libraries\STM32F0xx_StdPeriph_Driver\src\stm32f0xx_flash.c 0x00000000   Number         0  stm32f0xx_flash.o ABSOLUTE
    ..\STM32-M0_LIB\stm32f0_stdperiph_lib\STM32F0xx_StdPeriph_Lib_V1.0.0\Libraries\STM32F0xx_StdPeriph_Driver\src\stm32f0xx_gpio.c 0x00000000   Number         0  stm32f0xx_gpio.o ABSOLUTE
    ..\STM32-M0_LIB\stm32f0_stdperiph_lib\STM32F0xx_StdPeriph_Lib_V1.0.0\Libraries\STM32F0xx_StdPeriph_Driver\src\stm32f0xx_i2c.c 0x00000000   Number         0  stm32f0xx_i2c.o ABSOLUTE
    ..\STM32-M0_LIB\stm32f0_stdperiph_lib\STM32F0xx_StdPeriph_Lib_V1.0.0\Libraries\STM32F0xx_StdPeriph_Driver\src\stm32f0xx_iwdg.c 0x00000000   Number         0  stm32f0xx_iwdg.o ABSOLUTE
    ..\STM32-M0_LIB\stm32f0_stdperiph_lib\STM32F0xx_StdPeriph_Lib_V1.0.0\Libraries\STM32F0xx_StdPeriph_Driver\src\stm32f0xx_misc.c 0x00000000   Number         0  stm32f0xx_misc.o ABSOLUTE
    ..\STM32-M0_LIB\stm32f0_stdperiph_lib\STM32F0xx_StdPeriph_Lib_V1.0.0\Libraries\STM32F0xx_StdPeriph_Driver\src\stm32f0xx_pwr.c 0x00000000   Number         0  stm32f0xx_pwr.o ABSOLUTE
    ..\STM32-M0_LIB\stm32f0_stdperiph_lib\STM32F0xx_StdPeriph_Lib_V1.0.0\Libraries\STM32F0xx_StdPeriph_Driver\src\stm32f0xx_rcc.c 0x00000000   Number         0  stm32f0xx_rcc.o ABSOLUTE
    ..\STM32-M0_LIB\stm32f0_stdperiph_lib\STM32F0xx_StdPeriph_Lib_V1.0.0\Libraries\STM32F0xx_StdPeriph_Driver\src\stm32f0xx_rtc.c 0x00000000   Number         0  stm32f0xx_rtc.o ABSOLUTE
    ..\STM32-M0_LIB\stm32f0_stdperiph_lib\STM32F0xx_StdPeriph_Lib_V1.0.0\Libraries\STM32F0xx_StdPeriph_Driver\src\stm32f0xx_spi.c 0x00000000   Number         0  stm32f0xx_spi.o ABSOLUTE
    ..\STM32-M0_LIB\stm32f0_stdperiph_lib\STM32F0xx_StdPeriph_Lib_V1.0.0\Libraries\STM32F0xx_StdPeriph_Driver\src\stm32f0xx_syscfg.c 0x00000000   Number         0  stm32f0xx_syscfg.o ABSOLUTE
    ..\STM32-M0_LIB\stm32f0_stdperiph_lib\STM32F0xx_StdPeriph_Lib_V1.0.0\Libraries\STM32F0xx_StdPeriph_Driver\src\stm32f0xx_tim.c 0x00000000   Number         0  stm32f0xx_tim.o ABSOLUTE
    ..\STM32-M0_LIB\stm32f0_stdperiph_lib\STM32F0xx_StdPeriph_Lib_V1.0.0\Libraries\STM32F0xx_StdPeriph_Driver\src\stm32f0xx_usart.c 0x00000000   Number         0  stm32f0xx_usart.o ABSOLUTE
    ..\STM32-M0_LIB\stm32f0_stdperiph_lib\STM32F0xx_StdPeriph_Lib_V1.0.0\Libraries\STM32F0xx_StdPeriph_Driver\src\stm32f0xx_wwdg.c 0x00000000   Number         0  stm32f0xx_wwdg.o ABSOLUTE
    ..\\STM32-M0_LIB\\HARDWARE\\exti.c       0x00000000   Number         0  exti.o ABSOLUTE
    ..\\STM32-M0_LIB\\HARDWARE\\spi.c        0x00000000   Number         0  spi.o ABSOLUTE
    ..\\STM32-M0_LIB\\PERIPHERAL\\NRF24L01\\G32-M0_Nrf24l01.C 0x00000000   Number         0  g32-m0_nrf24l01.o ABSOLUTE
    ..\\STM32-M0_LIB\\PERIPHERAL\\NRF905\\NRF905.c 0x00000000   Number         0  nrf905.o ABSOLUTE
    ..\\STM32-M0_LIB\\SYSTEM\\delay.c        0x00000000   Number         0  delay.o ABSOLUTE
    ..\\STM32-M0_LIB\\SYSTEM\\gpio.c         0x00000000   Number         0  gpio.o ABSOLUTE
    ..\\STM32-M0_LIB\\SYSTEM\\sys_os.c       0x00000000   Number         0  sys_os.o ABSOLUTE
    ..\\STM32-M0_LIB\\SYSTEM\\sys_usart.c    0x00000000   Number         0  sys_usart.o ABSOLUTE
    ..\\STM32-M0_LIB\\SYSTEM\\usart.c        0x00000000   Number         0  usart.o ABSOLUTE
    ..\\STM32-M0_LIB\\stm32f0_stdperiph_lib\\STM32F0xx_StdPeriph_Lib_V1.0.0\\Libraries\\CMSIS\\Device\\ST\\STM32F0xx\\Source\\Templates\\system_stm32f0xx.c 0x00000000   Number         0  system_stm32f0xx.o ABSOLUTE
    ..\\STM32-M0_LIB\\stm32f0_stdperiph_lib\\STM32F0xx_StdPeriph_Lib_V1.0.0\\Libraries\\STM32F0xx_StdPeriph_Driver\\src\\stm32f0xx_adc.c 0x00000000   Number         0  stm32f0xx_adc.o ABSOLUTE
    ..\\STM32-M0_LIB\\stm32f0_stdperiph_lib\\STM32F0xx_StdPeriph_Lib_V1.0.0\\Libraries\\STM32F0xx_StdPeriph_Driver\\src\\stm32f0xx_cec.c 0x00000000   Number         0  stm32f0xx_cec.o ABSOLUTE
    ..\\STM32-M0_LIB\\stm32f0_stdperiph_lib\\STM32F0xx_StdPeriph_Lib_V1.0.0\\Libraries\\STM32F0xx_StdPeriph_Driver\\src\\stm32f0xx_comp.c 0x00000000   Number         0  stm32f0xx_comp.o ABSOLUTE
    ..\\STM32-M0_LIB\\stm32f0_stdperiph_lib\\STM32F0xx_StdPeriph_Lib_V1.0.0\\Libraries\\STM32F0xx_StdPeriph_Driver\\src\\stm32f0xx_crc.c 0x00000000   Number         0  stm32f0xx_crc.o ABSOLUTE
    ..\\STM32-M0_LIB\\stm32f0_stdperiph_lib\\STM32F0xx_StdPeriph_Lib_V1.0.0\\Libraries\\STM32F0xx_StdPeriph_Driver\\src\\stm32f0xx_dac.c 0x00000000   Number         0  stm32f0xx_dac.o ABSOLUTE
    ..\\STM32-M0_LIB\\stm32f0_stdperiph_lib\\STM32F0xx_StdPeriph_Lib_V1.0.0\\Libraries\\STM32F0xx_StdPeriph_Driver\\src\\stm32f0xx_dbgmcu.c 0x00000000   Number         0  stm32f0xx_dbgmcu.o ABSOLUTE
    ..\\STM32-M0_LIB\\stm32f0_stdperiph_lib\\STM32F0xx_StdPeriph_Lib_V1.0.0\\Libraries\\STM32F0xx_StdPeriph_Driver\\src\\stm32f0xx_dma.c 0x00000000   Number         0  stm32f0xx_dma.o ABSOLUTE
    ..\\STM32-M0_LIB\\stm32f0_stdperiph_lib\\STM32F0xx_StdPeriph_Lib_V1.0.0\\Libraries\\STM32F0xx_StdPeriph_Driver\\src\\stm32f0xx_exti.c 0x00000000   Number         0  stm32f0xx_exti.o ABSOLUTE
    ..\\STM32-M0_LIB\\stm32f0_stdperiph_lib\\STM32F0xx_StdPeriph_Lib_V1.0.0\\Libraries\\STM32F0xx_StdPeriph_Driver\\src\\stm32f0xx_flash.c 0x00000000   Number         0  stm32f0xx_flash.o ABSOLUTE
    ..\\STM32-M0_LIB\\stm32f0_stdperiph_lib\\STM32F0xx_StdPeriph_Lib_V1.0.0\\Libraries\\STM32F0xx_StdPeriph_Driver\\src\\stm32f0xx_gpio.c 0x00000000   Number         0  stm32f0xx_gpio.o ABSOLUTE
    ..\\STM32-M0_LIB\\stm32f0_stdperiph_lib\\STM32F0xx_StdPeriph_Lib_V1.0.0\\Libraries\\STM32F0xx_StdPeriph_Driver\\src\\stm32f0xx_i2c.c 0x00000000   Number         0  stm32f0xx_i2c.o ABSOLUTE
    ..\\STM32-M0_LIB\\stm32f0_stdperiph_lib\\STM32F0xx_StdPeriph_Lib_V1.0.0\\Libraries\\STM32F0xx_StdPeriph_Driver\\src\\stm32f0xx_iwdg.c 0x00000000   Number         0  stm32f0xx_iwdg.o ABSOLUTE
    ..\\STM32-M0_LIB\\stm32f0_stdperiph_lib\\STM32F0xx_StdPeriph_Lib_V1.0.0\\Libraries\\STM32F0xx_StdPeriph_Driver\\src\\stm32f0xx_misc.c 0x00000000   Number         0  stm32f0xx_misc.o ABSOLUTE
    ..\\STM32-M0_LIB\\stm32f0_stdperiph_lib\\STM32F0xx_StdPeriph_Lib_V1.0.0\\Libraries\\STM32F0xx_StdPeriph_Driver\\src\\stm32f0xx_pwr.c 0x00000000   Number         0  stm32f0xx_pwr.o ABSOLUTE
    ..\\STM32-M0_LIB\\stm32f0_stdperiph_lib\\STM32F0xx_StdPeriph_Lib_V1.0.0\\Libraries\\STM32F0xx_StdPeriph_Driver\\src\\stm32f0xx_rcc.c 0x00000000   Number         0  stm32f0xx_rcc.o ABSOLUTE
    ..\\STM32-M0_LIB\\stm32f0_stdperiph_lib\\STM32F0xx_StdPeriph_Lib_V1.0.0\\Libraries\\STM32F0xx_StdPeriph_Driver\\src\\stm32f0xx_rtc.c 0x00000000   Number         0  stm32f0xx_rtc.o ABSOLUTE
    ..\\STM32-M0_LIB\\stm32f0_stdperiph_lib\\STM32F0xx_StdPeriph_Lib_V1.0.0\\Libraries\\STM32F0xx_StdPeriph_Driver\\src\\stm32f0xx_spi.c 0x00000000   Number         0  stm32f0xx_spi.o ABSOLUTE
    ..\\STM32-M0_LIB\\stm32f0_stdperiph_lib\\STM32F0xx_StdPeriph_Lib_V1.0.0\\Libraries\\STM32F0xx_StdPeriph_Driver\\src\\stm32f0xx_syscfg.c 0x00000000   Number         0  stm32f0xx_syscfg.o ABSOLUTE
    ..\\STM32-M0_LIB\\stm32f0_stdperiph_lib\\STM32F0xx_StdPeriph_Lib_V1.0.0\\Libraries\\STM32F0xx_StdPeriph_Driver\\src\\stm32f0xx_tim.c 0x00000000   Number         0  stm32f0xx_tim.o ABSOLUTE
    ..\\STM32-M0_LIB\\stm32f0_stdperiph_lib\\STM32F0xx_StdPeriph_Lib_V1.0.0\\Libraries\\STM32F0xx_StdPeriph_Driver\\src\\stm32f0xx_usart.c 0x00000000   Number         0  stm32f0xx_usart.o ABSOLUTE
    ..\\STM32-M0_LIB\\stm32f0_stdperiph_lib\\STM32F0xx_StdPeriph_Lib_V1.0.0\\Libraries\\STM32F0xx_StdPeriph_Driver\\src\\stm32f0xx_wwdg.c 0x00000000   Number         0  stm32f0xx_wwdg.o ABSOLUTE
    USER\APP\User_Task_Nrf24l01.c            0x00000000   Number         0  user_task_nrf24l01.o ABSOLUTE
    USER\APP\User_Task_Nrf905.c              0x00000000   Number         0  user_task_nrf905.o ABSOLUTE
    USER\\APP\\User_Task_Nrf24l01.c          0x00000000   Number         0  user_task_nrf24l01.o ABSOLUTE
    USER\\APP\\User_Task_Nrf905.c            0x00000000   Number         0  user_task_nrf905.o ABSOLUTE
    cdrcmple.s                               0x00000000   Number         0  cdrcmple.o ABSOLUTE
    dc.s                                     0x00000000   Number         0  dc.o ABSOLUTE
    handlers.s                               0x00000000   Number         0  handlers.o ABSOLUTE
    init.s                                   0x00000000   Number         0  init.o ABSOLUTE
    user\\main.c                             0x00000000   Number         0  main.o ABSOLUTE
    user\\stm32f0xx_it.c                     0x00000000   Number         0  stm32f0xx_it.o ABSOLUTE
    user\main.c                              0x00000000   Number         0  main.o ABSOLUTE
    user\stm32f0xx_it.c                      0x00000000   Number         0  stm32f0xx_it.o ABSOLUTE
    RESET                                    0x08000000   Section      192  startup_stm32f0xx.o(RESET)
    .ARM.Collect$$$$00000000                 0x080000c0   Section        0  entry.o(.ARM.Collect$$$$00000000)
    .ARM.Collect$$$$00000001                 0x080000c0   Section        4  entry2.o(.ARM.Collect$$$$00000001)
    .ARM.Collect$$$$00000004                 0x080000c4   Section        4  entry5.o(.ARM.Collect$$$$00000004)
    .ARM.Collect$$$$00000008                 0x080000c8   Section        0  entry7b.o(.ARM.Collect$$$$00000008)
    .ARM.Collect$$$$0000000A                 0x080000c8   Section        0  entry8b.o(.ARM.Collect$$$$0000000A)
    .ARM.Collect$$$$0000000B                 0x080000c8   Section        8  entry9a.o(.ARM.Collect$$$$0000000B)
    .ARM.Collect$$$$0000000D                 0x080000d0   Section        0  entry10a.o(.ARM.Collect$$$$0000000D)
    .ARM.Collect$$$$0000000F                 0x080000d0   Section        0  entry11a.o(.ARM.Collect$$$$0000000F)
    .ARM.Collect$$$$00002712                 0x080000d0   Section        4  entry2.o(.ARM.Collect$$$$00002712)
    __lit__00000000                          0x080000d0   Data           4  entry2.o(.ARM.Collect$$$$00002712)
    .text                                    0x080000d4   Section        0  system_stm32f0xx.o(.text)
    SetSysClock                              0x080000d5   Thumb Code   206  system_stm32f0xx.o(.text)
    .text                                    0x080002cc   Section        0  gpio.o(.text)
    .text                                    0x08000364   Section        0  delay.o(.text)
    .text                                    0x080004e4   Section        0  usart.o(.text)
    .text                                    0x08000624   Section        0  main.o(.text)
    NVIC_SetPriority                         0x0800085f   Thumb Code   110  main.o(.text)
    .text                                    0x08000904   Section        0  stm32f0xx_it.o(.text)
    .text                                    0x08000954   Section        0  sys_usart.o(.text)
    .text                                    0x08000c3c   Section        0  user_task_nrf24l01.o(.text)
    .text                                    0x08000efc   Section        0  user_task_nrf905.o(.text)
    .text                                    0x080011f8   Section        0  spi.o(.text)
    .text                                    0x08001328   Section        0  nrf905.o(.text)
    SPI_Read                                 0x08001385   Thumb Code    56  nrf905.o(.text)
    SPI_Write                                0x080013bd   Thumb Code    56  nrf905.o(.text)
    .text                                    0x08001600   Section        0  g32-m0_nrf24l01.o(.text)
    NRF24L01_GPIOConfig                      0x08001601   Thumb Code    40  g32-m0_nrf24l01.o(.text)
    .text                                    0x08001894   Section        0  stm32f0xx_gpio.o(.text)
    .text                                    0x08001a84   Section        0  stm32f0xx_misc.o(.text)
    .text                                    0x08001b38   Section        0  stm32f0xx_rcc.o(.text)
    .text                                    0x08002130   Section        0  stm32f0xx_spi.o(.text)
    .text                                    0x080024ec   Section        0  stm32f0xx_usart.o(.text)
    .text                                    0x08002a38   Section       36  startup_stm32f0xx.o(.text)
    .text                                    0x08002a5c   Section        0  segger_rtt.o(.text)
    _strlen                                  0x08002a5d   Thumb Code    32  segger_rtt.o(.text)
    .text                                    0x08002d84   Section        0  uidiv.o(.text)
    .text                                    0x08002db0   Section        0  idiv.o(.text)
    .text                                    0x08002dd8   Section        0  memcpya.o(.text)
    .text                                    0x08002dfc   Section       36  init.o(.text)
    i.__0printf$bare                         0x08002e20   Section        0  printfb.o(i.__0printf$bare)
    i.__ARM_common_switch8                   0x08002e34   Section        0  delay.o(i.__ARM_common_switch8)
    i.__scatterload_copy                     0x08002e50   Section       14  handlers.o(i.__scatterload_copy)
    i.__scatterload_null                     0x08002e5e   Section        2  handlers.o(i.__scatterload_null)
    i.__scatterload_zeroinit                 0x08002e60   Section       14  handlers.o(i.__scatterload_zeroinit)
    i._printf_core                           0x08002e6e   Section        0  printfb.o(i._printf_core)
    _printf_core                             0x08002e6f   Thumb Code    30  printfb.o(i._printf_core)
    .conststring                             0x08002e8c   Section       13  segger_rtt.o(.conststring)
    .data                                    0x20000000   Section       20  system_stm32f0xx.o(.data)
    .data                                    0x20000014   Section        4  delay.o(.data)
    fac_us                                   0x20000014   Data           1  delay.o(.data)
    fac_ms                                   0x20000016   Data           2  delay.o(.data)
    .data                                    0x20000018   Section        4  sys_os.o(.data)
    .data                                    0x2000001c   Section       14  main.o(.data)
    _lc                                      0x20000024   Data           4  main.o(.data)
    sta                                      0x20000028   Data           1  main.o(.data)
    sta                                      0x20000029   Data           1  main.o(.data)
    .data                                    0x2000002c   Section       15  sys_usart.o(.data)
    TxCount                                  0x2000002c   Data           3  sys_usart.o(.data)
    TxCounter                                0x20000038   Data           3  sys_usart.o(.data)
    .data                                    0x2000003c   Section        4  user_task_nrf24l01.o(.data)
    _lc                                      0x2000003c   Data           4  user_task_nrf24l01.o(.data)
    .data                                    0x20000040   Section        4  user_task_nrf905.o(.data)
    _lc                                      0x20000040   Data           4  user_task_nrf905.o(.data)
    .data                                    0x20000044   Section       14  nrf905.o(.data)
    RFConf                                   0x20000044   Data          10  nrf905.o(.data)
    .data                                    0x20000052   Section       10  g32-m0_nrf24l01.o(.data)
    .data                                    0x2000005c   Section       16  stm32f0xx_rcc.o(.data)
    APBAHBPrescTable                         0x2000005c   Data          16  stm32f0xx_rcc.o(.data)
    .data                                    0x2000006c   Section      120  segger_rtt.o(.data)
    _SEGGER_RTT                              0x2000006c   Data         120  segger_rtt.o(.data)
    .data                                    0x200000e4   Section        4  stdout.o(.data)
    .bss                                     0x200000e8   Section       20  sys_os.o(.bss)
    .bss                                     0x200000fc   Section       32  main.o(.bss)
    .bss                                     0x2000011c   Section     1024  sys_usart.o(.bss)
    TxBuffer                                 0x2000011c   Data         768  sys_usart.o(.bss)
    .bss                                     0x2000051c   Section       32  nrf905.o(.bss)
    .bss                                     0x2000053c   Section       96  g32-m0_nrf24l01.o(.bss)
    .bss                                     0x2000059c   Section     1056  segger_rtt.o(.bss)
    _acUpBuffer                              0x2000059c   Data         512  segger_rtt.o(.bss)
    _acDownBuffer                            0x2000079c   Data          16  segger_rtt.o(.bss)
    _acUpBuffer1                             0x200007ac   Data         512  segger_rtt.o(.bss)
    _acDownBuffer1                           0x200009ac   Data          16  segger_rtt.o(.bss)
    STACK                                    0x200009c0   Section     1024  startup_stm32f0xx.o(STACK)

    Global Symbols

    Symbol Name                              Value     Ov Type        Size  Object(Section)

    BuildAttributes$$THM_ISAv3M$S$PE$A:L22$X:L11$S22$IEEE1$IW$USESV6$~STKCKD$USESV7$~SHL$OSPACE$ROPI$EBA8$MICROLIB$REQ8$PRES8$EABIv2 0x00000000   Number         0  anon$$obj.o ABSOLUTE
    __ARM_use_no_argv                        0x00000000   Number         0  main.o ABSOLUTE
    __cpp_initialize__aeabi_                  - Undefined Weak Reference
    __cxa_finalize                            - Undefined Weak Reference
    __decompress                              - Undefined Weak Reference
    _clock_init                               - Undefined Weak Reference
    _microlib_exit                            - Undefined Weak Reference
    __Vectors_Size                           0x000000c0   Number         0  startup_stm32f0xx.o ABSOLUTE
    __Vectors                                0x08000000   Data           4  startup_stm32f0xx.o(RESET)
    __Vectors_End                            0x080000c0   Data           0  startup_stm32f0xx.o(RESET)
    __main                                   0x080000c1   Thumb Code     0  entry.o(.ARM.Collect$$$$00000000)
    _main_stk                                0x080000c1   Thumb Code     0  entry2.o(.ARM.Collect$$$$00000001)
    _main_scatterload                        0x080000c5   Thumb Code     0  entry5.o(.ARM.Collect$$$$00000004)
    __main_after_scatterload                 0x080000c9   Thumb Code     0  entry5.o(.ARM.Collect$$$$00000004)
    _main_clock                              0x080000c9   Thumb Code     0  entry7b.o(.ARM.Collect$$$$00000008)
    _main_cpp_init                           0x080000c9   Thumb Code     0  entry8b.o(.ARM.Collect$$$$0000000A)
    _main_init                               0x080000c9   Thumb Code     0  entry9a.o(.ARM.Collect$$$$0000000B)
    __rt_final_cpp                           0x080000d1   Thumb Code     0  entry10a.o(.ARM.Collect$$$$0000000D)
    __rt_final_exit                          0x080000d1   Thumb Code     0  entry11a.o(.ARM.Collect$$$$0000000F)
    SystemInit                               0x080001a3   Thumb Code   110  system_stm32f0xx.o(.text)
    SystemCoreClockUpdate                    0x08000211   Thumb Code   154  system_stm32f0xx.o(.text)
    My_GPIO_Init                             0x080002cd   Thumb Code   134  gpio.o(.text)
    delay_Configuration                      0x08000365   Thumb Code    42  delay.o(.text)
    delay_ms                                 0x0800038f   Thumb Code    54  delay.o(.text)
    delay_us                                 0x080003c5   Thumb Code    54  delay.o(.text)
    delay_s                                  0x080003fb   Thumb Code   128  delay.o(.text)
    RCC_Configuration                        0x0800047b   Thumb Code    88  delay.o(.text)
    USART_Configuration                      0x080004e5   Thumb Code   154  usart.o(.text)
    USART_Configuration2                     0x0800057f   Thumb Code   154  usart.o(.text)
    task_led                                 0x08000625   Thumb Code   372  main.o(.text)
    SYS_INIT                                 0x08000799   Thumb Code    88  main.o(.text)
    main                                     0x080007f1   Thumb Code   110  main.o(.text)
    USART1_IRQHandler                        0x08000905   Thumb Code    10  stm32f0xx_it.o(.text)
    SysTick_Handler                          0x0800090f   Thumb Code    56  stm32f0xx_it.o(.text)
    itoa                                     0x08000955   Thumb Code   122  sys_usart.o(.text)
    SYS_USART_SendData                       0x080009cf   Thumb Code    58  sys_usart.o(.text)
    Sys_Printf                               0x08000a09   Thumb Code   250  sys_usart.o(.text)
    SYS_UART_IQR                             0x08000b03   Thumb Code   154  sys_usart.o(.text)
    fputc                                    0x08000b9d   Thumb Code    32  sys_usart.o(.text)
    Sys_sPrintf                              0x08000bbd   Thumb Code    74  sys_usart.o(.text)
    Nrf_Check_Event                          0x08000c3d   Thumb Code   188  user_task_nrf24l01.o(.text)
    Data_Exchange                            0x08000cf9   Thumb Code   270  user_task_nrf24l01.o(.text)
    task_nrf24l01_t                          0x08000e07   Thumb Code   142  user_task_nrf24l01.o(.text)
    task_nrf905                              0x08000efd   Thumb Code   674  user_task_nrf905.o(.text)
    SPI0_ReadWriteByte                       0x080011f9   Thumb Code    66  spi.o(.text)
    SPI0_Init                                0x0800123b   Thumb Code    46  spi.o(.text)
    SPI1_Init                                0x08001269   Thumb Code   136  spi.o(.text)
    SPI1_ReadWriteByte                       0x080012f1   Thumb Code    48  spi.o(.text)
    GPIO_NRF905_Init                         0x08001329   Thumb Code    92  nrf905.o(.text)
    Config_Nrf905                            0x080013f5   Thumb Code    44  nrf905.o(.text)
    nRF905Init                               0x08001421   Thumb Code    62  nrf905.o(.text)
    Read_Config_Nrf905                       0x0800145f   Thumb Code    46  nrf905.o(.text)
    NRF905_Check                             0x0800148d   Thumb Code    50  nrf905.o(.text)
    TxPacket                                 0x080014bf   Thumb Code    96  nrf905.o(.text)
    SetTxMode                                0x0800151f   Thumb Code    16  nrf905.o(.text)
    SetRxMode                                0x0800152f   Thumb Code    16  nrf905.o(.text)
    CheckDR                                  0x0800153f   Thumb Code    30  nrf905.o(.text)
    CheckTxOver                              0x0800155d   Thumb Code    14  nrf905.o(.text)
    CheckRx                                  0x0800156b   Thumb Code    16  nrf905.o(.text)
    RxPacket                                 0x0800157b   Thumb Code   110  nrf905.o(.text)
    Nrf_Spi0_Init                            0x08001629   Thumb Code    22  g32-m0_nrf24l01.o(.text)
    NRF_Write_Reg                            0x0800163f   Thumb Code    38  g32-m0_nrf24l01.o(.text)
    NRF_Read_Reg                             0x08001665   Thumb Code    36  g32-m0_nrf24l01.o(.text)
    NRF_Write_Buf                            0x08001689   Thumb Code    52  g32-m0_nrf24l01.o(.text)
    NRF_Read_Buf                             0x080016bd   Thumb Code    54  g32-m0_nrf24l01.o(.text)
    NRF_TxPacket                             0x080016f3   Thumb Code    42  g32-m0_nrf24l01.o(.text)
    NRF_TxPacket_AP                          0x0800171d   Thumb Code    32  g32-m0_nrf24l01.o(.text)
    Nrf24l01_Check                           0x0800173d   Thumb Code    62  g32-m0_nrf24l01.o(.text)
    Nrf24l01_Init                            0x0800177b   Thumb Code   248  g32-m0_nrf24l01.o(.text)
    Nrf_Get_Sta                              0x08001873   Thumb Code    10  g32-m0_nrf24l01.o(.text)
    Nrf_Get_FIFOSta                          0x0800187d   Thumb Code    10  g32-m0_nrf24l01.o(.text)
    GPIO_DeInit                              0x08001895   Thumb Code   132  stm32f0xx_gpio.o(.text)
    GPIO_Init                                0x08001919   Thumb Code   144  stm32f0xx_gpio.o(.text)
    GPIO_StructInit                          0x080019a9   Thumb Code    20  stm32f0xx_gpio.o(.text)
    GPIO_PinLockConfig                       0x080019bd   Thumb Code    34  stm32f0xx_gpio.o(.text)
    GPIO_ReadInputDataBit                    0x080019df   Thumb Code    20  stm32f0xx_gpio.o(.text)
    GPIO_ReadInputData                       0x080019f3   Thumb Code     6  stm32f0xx_gpio.o(.text)
    GPIO_ReadOutputDataBit                   0x080019f9   Thumb Code    20  stm32f0xx_gpio.o(.text)
    GPIO_ReadOutputData                      0x08001a0d   Thumb Code     6  stm32f0xx_gpio.o(.text)
    GPIO_SetBits                             0x08001a13   Thumb Code     4  stm32f0xx_gpio.o(.text)
    GPIO_ResetBits                           0x08001a17   Thumb Code     4  stm32f0xx_gpio.o(.text)
    GPIO_WriteBit                            0x08001a1b   Thumb Code    12  stm32f0xx_gpio.o(.text)
    GPIO_Write                               0x08001a27   Thumb Code     4  stm32f0xx_gpio.o(.text)
    GPIO_PinAFConfig                         0x08001a2b   Thumb Code    68  stm32f0xx_gpio.o(.text)
    NVIC_Init                                0x08001a85   Thumb Code   106  stm32f0xx_misc.o(.text)
    NVIC_SystemLPConfig                      0x08001aef   Thumb Code    28  stm32f0xx_misc.o(.text)
    SysTick_CLKSourceConfig                  0x08001b0b   Thumb Code    32  stm32f0xx_misc.o(.text)
    RCC_DeInit                               0x08001b39   Thumb Code   104  stm32f0xx_rcc.o(.text)
    RCC_HSEConfig                            0x08001ba1   Thumb Code    12  stm32f0xx_rcc.o(.text)
    RCC_GetFlagStatus                        0x08001bad   Thumb Code    68  stm32f0xx_rcc.o(.text)
    RCC_WaitForHSEStartUp                    0x08001bf1   Thumb Code    60  stm32f0xx_rcc.o(.text)
    RCC_AdjustHSICalibrationValue            0x08001c2d   Thumb Code    26  stm32f0xx_rcc.o(.text)
    RCC_HSICmd                               0x08001c47   Thumb Code    32  stm32f0xx_rcc.o(.text)
    RCC_AdjustHSI14CalibrationValue          0x08001c67   Thumb Code    26  stm32f0xx_rcc.o(.text)
    RCC_HSI14Cmd                             0x08001c81   Thumb Code    32  stm32f0xx_rcc.o(.text)
    RCC_HSI14ADCRequestCmd                   0x08001ca1   Thumb Code    32  stm32f0xx_rcc.o(.text)
    RCC_LSEConfig                            0x08001cc1   Thumb Code    34  stm32f0xx_rcc.o(.text)
    RCC_LSEDriveConfig                       0x08001ce3   Thumb Code    22  stm32f0xx_rcc.o(.text)
    RCC_LSICmd                               0x08001cf9   Thumb Code    32  stm32f0xx_rcc.o(.text)
    RCC_PLLConfig                            0x08001d19   Thumb Code    30  stm32f0xx_rcc.o(.text)
    RCC_PLLCmd                               0x08001d37   Thumb Code    36  stm32f0xx_rcc.o(.text)
    RCC_PREDIV1Config                        0x08001d5b   Thumb Code    24  stm32f0xx_rcc.o(.text)
    RCC_ClockSecuritySystemCmd               0x08001d73   Thumb Code    36  stm32f0xx_rcc.o(.text)
    RCC_MCOConfig                            0x08001d97   Thumb Code     6  stm32f0xx_rcc.o(.text)
    RCC_SYSCLKConfig                         0x08001d9d   Thumb Code    24  stm32f0xx_rcc.o(.text)
    RCC_GetSYSCLKSource                      0x08001db5   Thumb Code    10  stm32f0xx_rcc.o(.text)
    RCC_HCLKConfig                           0x08001dbf   Thumb Code    28  stm32f0xx_rcc.o(.text)
    RCC_PCLKConfig                           0x08001ddb   Thumb Code    30  stm32f0xx_rcc.o(.text)
    RCC_ADCCLKConfig                         0x08001df9   Thumb Code    52  stm32f0xx_rcc.o(.text)
    RCC_CECCLKConfig                         0x08001e2d   Thumb Code    22  stm32f0xx_rcc.o(.text)
    RCC_I2CCLKConfig                         0x08001e43   Thumb Code    22  stm32f0xx_rcc.o(.text)
    RCC_USARTCLKConfig                       0x08001e59   Thumb Code    22  stm32f0xx_rcc.o(.text)
    RCC_GetClocksFreq                        0x08001e6f   Thumb Code   368  stm32f0xx_rcc.o(.text)
    RCC_RTCCLKConfig                         0x08001fdf   Thumb Code    12  stm32f0xx_rcc.o(.text)
    RCC_RTCCLKCmd                            0x08001feb   Thumb Code    36  stm32f0xx_rcc.o(.text)
    RCC_BackupResetCmd                       0x0800200f   Thumb Code    36  stm32f0xx_rcc.o(.text)
    RCC_AHBPeriphClockCmd                    0x08002033   Thumb Code    28  stm32f0xx_rcc.o(.text)
    RCC_APB2PeriphClockCmd                   0x0800204f   Thumb Code    28  stm32f0xx_rcc.o(.text)
    RCC_APB1PeriphClockCmd                   0x0800206b   Thumb Code    28  stm32f0xx_rcc.o(.text)
    RCC_AHBPeriphResetCmd                    0x08002087   Thumb Code    28  stm32f0xx_rcc.o(.text)
    RCC_APB2PeriphResetCmd                   0x080020a3   Thumb Code    28  stm32f0xx_rcc.o(.text)
    RCC_APB1PeriphResetCmd                   0x080020bf   Thumb Code    28  stm32f0xx_rcc.o(.text)
    RCC_ITConfig                             0x080020db   Thumb Code    28  stm32f0xx_rcc.o(.text)
    RCC_ClearFlag                            0x080020f7   Thumb Code    16  stm32f0xx_rcc.o(.text)
    RCC_GetITStatus                          0x08002107   Thumb Code    22  stm32f0xx_rcc.o(.text)
    RCC_ClearITPendingBit                    0x0800211d   Thumb Code     6  stm32f0xx_rcc.o(.text)
    SPI_I2S_DeInit                           0x08002131   Thumb Code    52  stm32f0xx_spi.o(.text)
    SPI_StructInit                           0x08002165   Thumb Code    30  stm32f0xx_spi.o(.text)
    SPI_Init                                 0x08002183   Thumb Code    76  stm32f0xx_spi.o(.text)
    I2S_StructInit                           0x080021cf   Thumb Code    20  stm32f0xx_spi.o(.text)
    I2S_Init                                 0x080021e3   Thumb Code   228  stm32f0xx_spi.o(.text)
    SPI_Cmd                                  0x080022c7   Thumb Code    26  stm32f0xx_spi.o(.text)
    SPI_TIModeCmd                            0x080022e1   Thumb Code    26  stm32f0xx_spi.o(.text)
    I2S_Cmd                                  0x080022fb   Thumb Code    26  stm32f0xx_spi.o(.text)
    SPI_DataSizeConfig                       0x08002315   Thumb Code    20  stm32f0xx_spi.o(.text)
    SPI_RxFIFOThresholdConfig                0x08002329   Thumb Code    16  stm32f0xx_spi.o(.text)
    SPI_BiDirectionalLineConfig              0x08002339   Thumb Code    28  stm32f0xx_spi.o(.text)
    SPI_NSSInternalSoftwareConfig            0x08002355   Thumb Code    32  stm32f0xx_spi.o(.text)
    SPI_SSOutputCmd                          0x08002375   Thumb Code    24  stm32f0xx_spi.o(.text)
    SPI_NSSPulseModeCmd                      0x0800238d   Thumb Code    26  stm32f0xx_spi.o(.text)
    SPI_SendData8                            0x080023a7   Thumb Code    10  stm32f0xx_spi.o(.text)
    SPI_I2S_SendData16                       0x080023b1   Thumb Code     4  stm32f0xx_spi.o(.text)
    SPI_ReceiveData8                         0x080023b5   Thumb Code    12  stm32f0xx_spi.o(.text)
    SPI_I2S_ReceiveData16                    0x080023c1   Thumb Code     6  stm32f0xx_spi.o(.text)
    SPI_CRCLengthConfig                      0x080023c7   Thumb Code    16  stm32f0xx_spi.o(.text)
    SPI_CalculateCRC                         0x080023d7   Thumb Code    26  stm32f0xx_spi.o(.text)
    SPI_TransmitCRC                          0x080023f1   Thumb Code    12  stm32f0xx_spi.o(.text)
    SPI_GetCRC                               0x080023fd   Thumb Code    16  stm32f0xx_spi.o(.text)
    SPI_GetCRCPolynomial                     0x0800240d   Thumb Code     6  stm32f0xx_spi.o(.text)
    SPI_I2S_DMACmd                           0x08002413   Thumb Code    20  stm32f0xx_spi.o(.text)
    SPI_LastDMATransferCmd                   0x08002427   Thumb Code    16  stm32f0xx_spi.o(.text)
    SPI_I2S_ITConfig                         0x08002437   Thumb Code    34  stm32f0xx_spi.o(.text)
    SPI_GetTransmissionFIFOStatus            0x08002459   Thumb Code    12  stm32f0xx_spi.o(.text)
    SPI_GetReceptionFIFOStatus               0x08002465   Thumb Code    12  stm32f0xx_spi.o(.text)
    SPI_I2S_GetFlagStatus                    0x08002471   Thumb Code    20  stm32f0xx_spi.o(.text)
    SPI_I2S_ClearFlag                        0x08002485   Thumb Code     6  stm32f0xx_spi.o(.text)
    SPI_I2S_GetITStatus                      0x0800248b   Thumb Code    56  stm32f0xx_spi.o(.text)
    USART_DeInit                             0x080024ed   Thumb Code    56  stm32f0xx_usart.o(.text)
    USART_Init                               0x08002525   Thumb Code   202  stm32f0xx_usart.o(.text)
    USART_StructInit                         0x080025ef   Thumb Code    24  stm32f0xx_usart.o(.text)
    USART_ClockInit                          0x08002607   Thumb Code    36  stm32f0xx_usart.o(.text)
    USART_ClockStructInit                    0x0800262b   Thumb Code    12  stm32f0xx_usart.o(.text)
    USART_Cmd                                0x08002637   Thumb Code    24  stm32f0xx_usart.o(.text)
    USART_DirectionModeCmd                   0x0800264f   Thumb Code    20  stm32f0xx_usart.o(.text)
    USART_OverSampling8Cmd                   0x08002663   Thumb Code    28  stm32f0xx_usart.o(.text)
    USART_OneBitMethodCmd                    0x0800267f   Thumb Code    28  stm32f0xx_usart.o(.text)
    USART_MSBFirstCmd                        0x0800269b   Thumb Code    28  stm32f0xx_usart.o(.text)
    USART_DataInvCmd                         0x080026b7   Thumb Code    28  stm32f0xx_usart.o(.text)
    USART_InvPinCmd                          0x080026d3   Thumb Code    20  stm32f0xx_usart.o(.text)
    USART_SWAPPinCmd                         0x080026e7   Thumb Code    28  stm32f0xx_usart.o(.text)
    USART_ReceiverTimeOutCmd                 0x08002703   Thumb Code    28  stm32f0xx_usart.o(.text)
    USART_SetReceiverTimeOut                 0x0800271f   Thumb Code    16  stm32f0xx_usart.o(.text)
    USART_SetPrescaler                       0x0800272f   Thumb Code    18  stm32f0xx_usart.o(.text)
    USART_STOPModeCmd                        0x08002741   Thumb Code    24  stm32f0xx_usart.o(.text)
    USART_StopModeWakeUpSourceConfig         0x08002759   Thumb Code    18  stm32f0xx_usart.o(.text)
    USART_AutoBaudRateCmd                    0x0800276b   Thumb Code    28  stm32f0xx_usart.o(.text)
    USART_AutoBaudRateConfig                 0x08002787   Thumb Code    18  stm32f0xx_usart.o(.text)
    USART_SendData                           0x08002799   Thumb Code     8  stm32f0xx_usart.o(.text)
    USART_ReceiveData                        0x080027a1   Thumb Code    10  stm32f0xx_usart.o(.text)
    USART_SetAddress                         0x080027ab   Thumb Code    18  stm32f0xx_usart.o(.text)
    USART_MuteModeCmd                        0x080027bd   Thumb Code    28  stm32f0xx_usart.o(.text)
    USART_MuteModeWakeUpConfig               0x080027d9   Thumb Code    18  stm32f0xx_usart.o(.text)
    USART_AddressDetectionConfig             0x080027eb   Thumb Code    16  stm32f0xx_usart.o(.text)
    USART_LINBreakDetectLengthConfig         0x080027fb   Thumb Code    16  stm32f0xx_usart.o(.text)
    USART_LINCmd                             0x0800280b   Thumb Code    28  stm32f0xx_usart.o(.text)
    USART_HalfDuplexCmd                      0x08002827   Thumb Code    24  stm32f0xx_usart.o(.text)
    USART_SetGuardTime                       0x0800283f   Thumb Code    16  stm32f0xx_usart.o(.text)
    USART_SmartCardCmd                       0x0800284f   Thumb Code    24  stm32f0xx_usart.o(.text)
    USART_SmartCardNACKCmd                   0x08002867   Thumb Code    24  stm32f0xx_usart.o(.text)
    USART_SetAutoRetryCount                  0x0800287f   Thumb Code    20  stm32f0xx_usart.o(.text)
    USART_SetBlockLength                     0x08002893   Thumb Code    18  stm32f0xx_usart.o(.text)
    USART_IrDAConfig                         0x080028a5   Thumb Code    16  stm32f0xx_usart.o(.text)
    USART_IrDACmd                            0x080028b5   Thumb Code    40  stm32f0xx_usart.o(.text)
    USART_DECmd                              0x080028dd   Thumb Code    28  stm32f0xx_usart.o(.text)
    USART_DEPolarityConfig                   0x080028f9   Thumb Code    18  stm32f0xx_usart.o(.text)
    USART_SetDEAssertionTime                 0x0800290b   Thumb Code    20  stm32f0xx_usart.o(.text)
    USART_SetDEDeassertionTime               0x0800291f   Thumb Code    20  stm32f0xx_usart.o(.text)
    USART_DMACmd                             0x08002933   Thumb Code    20  stm32f0xx_usart.o(.text)
    USART_DMAReceptionErrorConfig            0x08002947   Thumb Code    18  stm32f0xx_usart.o(.text)
    USART_ITConfig                           0x08002959   Thumb Code    66  stm32f0xx_usart.o(.text)
    USART_RequestCmd                         0x0800299b   Thumb Code    20  stm32f0xx_usart.o(.text)
    USART_OverrunDetectionConfig             0x080029af   Thumb Code    18  stm32f0xx_usart.o(.text)
    USART_GetFlagStatus                      0x080029c1   Thumb Code    20  stm32f0xx_usart.o(.text)
    USART_ClearFlag                          0x080029d5   Thumb Code     4  stm32f0xx_usart.o(.text)
    USART_GetITStatus                        0x080029d9   Thumb Code    78  stm32f0xx_usart.o(.text)
    USART_ClearITPendingBit                  0x08002a27   Thumb Code    18  stm32f0xx_usart.o(.text)
    Reset_Handler                            0x08002a39   Thumb Code    12  startup_stm32f0xx.o(.text)
    NMI_Handler                              0x08002a45   Thumb Code     2  startup_stm32f0xx.o(.text)
    HardFault_Handler                        0x08002a47   Thumb Code     2  startup_stm32f0xx.o(.text)
    SVC_Handler                              0x08002a49   Thumb Code     2  startup_stm32f0xx.o(.text)
    PendSV_Handler                           0x08002a4b   Thumb Code     2  startup_stm32f0xx.o(.text)
    ADC1_COMP_IRQHandler                     0x08002a4f   Thumb Code     0  startup_stm32f0xx.o(.text)
    CEC_IRQHandler                           0x08002a4f   Thumb Code     0  startup_stm32f0xx.o(.text)
    DMA1_Channel1_IRQHandler                 0x08002a4f   Thumb Code     0  startup_stm32f0xx.o(.text)
    DMA1_Channel2_3_IRQHandler               0x08002a4f   Thumb Code     0  startup_stm32f0xx.o(.text)
    DMA1_Channel4_5_IRQHandler               0x08002a4f   Thumb Code     0  startup_stm32f0xx.o(.text)
    EXTI0_1_IRQHandler                       0x08002a4f   Thumb Code     0  startup_stm32f0xx.o(.text)
    EXTI2_3_IRQHandler                       0x08002a4f   Thumb Code     0  startup_stm32f0xx.o(.text)
    EXTI4_15_IRQHandler                      0x08002a4f   Thumb Code     0  startup_stm32f0xx.o(.text)
    FLASH_IRQHandler                         0x08002a4f   Thumb Code     0  startup_stm32f0xx.o(.text)
    I2C1_IRQHandler                          0x08002a4f   Thumb Code     0  startup_stm32f0xx.o(.text)
    I2C2_IRQHandler                          0x08002a4f   Thumb Code     0  startup_stm32f0xx.o(.text)
    PVD_IRQHandler                           0x08002a4f   Thumb Code     0  startup_stm32f0xx.o(.text)
    RCC_IRQHandler                           0x08002a4f   Thumb Code     0  startup_stm32f0xx.o(.text)
    RTC_IRQHandler                           0x08002a4f   Thumb Code     0  startup_stm32f0xx.o(.text)
    SPI1_IRQHandler                          0x08002a4f   Thumb Code     0  startup_stm32f0xx.o(.text)
    SPI2_IRQHandler                          0x08002a4f   Thumb Code     0  startup_stm32f0xx.o(.text)
    TIM14_IRQHandler                         0x08002a4f   Thumb Code     0  startup_stm32f0xx.o(.text)
    TIM15_IRQHandler                         0x08002a4f   Thumb Code     0  startup_stm32f0xx.o(.text)
    TIM16_IRQHandler                         0x08002a4f   Thumb Code     0  startup_stm32f0xx.o(.text)
    TIM17_IRQHandler                         0x08002a4f   Thumb Code     0  startup_stm32f0xx.o(.text)
    TIM1_BRK_UP_TRG_COM_IRQHandler           0x08002a4f   Thumb Code     0  startup_stm32f0xx.o(.text)
    TIM1_CC_IRQHandler                       0x08002a4f   Thumb Code     0  startup_stm32f0xx.o(.text)
    TIM2_IRQHandler                          0x08002a4f   Thumb Code     0  startup_stm32f0xx.o(.text)
    TIM3_IRQHandler                          0x08002a4f   Thumb Code     0  startup_stm32f0xx.o(.text)
    TIM6_DAC_IRQHandler                      0x08002a4f   Thumb Code     0  startup_stm32f0xx.o(.text)
    TS_IRQHandler                            0x08002a4f   Thumb Code     0  startup_stm32f0xx.o(.text)
    USART2_IRQHandler                        0x08002a4f   Thumb Code     0  startup_stm32f0xx.o(.text)
    WWDG_IRQHandler                          0x08002a4f   Thumb Code     0  startup_stm32f0xx.o(.text)
    SEGGER_RTT_Read                          0x08002a7d   Thumb Code   190  segger_rtt.o(.text)
    SEGGER_RTT_Write                         0x08002b3b   Thumb Code   318  segger_rtt.o(.text)
    SEGGER_RTT_WriteString                   0x08002c79   Thumb Code    26  segger_rtt.o(.text)
    SEGGER_RTT_GetKey                        0x08002c93   Thumb Code    30  segger_rtt.o(.text)
    SEGGER_RTT_WaitKey                       0x08002cb1   Thumb Code    14  segger_rtt.o(.text)
    SEGGER_RTT_HasKey                        0x08002cbf   Thumb Code    20  segger_rtt.o(.text)
    SEGGER_RTT_ConfigUpBuffer                0x08002cd3   Thumb Code    90  segger_rtt.o(.text)
    SEGGER_RTT_ConfigDownBuffer              0x08002d2d   Thumb Code    84  segger_rtt.o(.text)
    __aeabi_uidiv                            0x08002d85   Thumb Code     0  uidiv.o(.text)
    __aeabi_uidivmod                         0x08002d85   Thumb Code    44  uidiv.o(.text)
    __aeabi_idiv                             0x08002db1   Thumb Code     0  idiv.o(.text)
    __aeabi_idivmod                          0x08002db1   Thumb Code    40  idiv.o(.text)
    __aeabi_memcpy                           0x08002dd9   Thumb Code    36  memcpya.o(.text)
    __aeabi_memcpy4                          0x08002dd9   Thumb Code     0  memcpya.o(.text)
    __aeabi_memcpy8                          0x08002dd9   Thumb Code     0  memcpya.o(.text)
    __scatterload                            0x08002dfd   Thumb Code    28  init.o(.text)
    __scatterload_rt2                        0x08002dfd   Thumb Code     0  init.o(.text)
    __0printf$bare                           0x08002e21   Thumb Code    12  printfb.o(i.__0printf$bare)
    __1printf$bare                           0x08002e21   Thumb Code     0  printfb.o(i.__0printf$bare)
    __2printf                                0x08002e21   Thumb Code     0  printfb.o(i.__0printf$bare)
    __ARM_common_switch8                     0x08002e35   Thumb Code    28  delay.o(i.__ARM_common_switch8)
    __scatterload_copy                       0x08002e51   Thumb Code    14  handlers.o(i.__scatterload_copy)
    __scatterload_null                       0x08002e5f   Thumb Code     2  handlers.o(i.__scatterload_null)
    __scatterload_zeroinit                   0x08002e61   Thumb Code    14  handlers.o(i.__scatterload_zeroinit)
    Region$$Table$$Base                      0x08002e9c   Number         0  anon$$obj.o(Region$$Table)
    Region$$Table$$Limit                     0x08002ebc   Number         0  anon$$obj.o(Region$$Table)
    SystemCoreClock                          0x20000000   Data           4  system_stm32f0xx.o(.data)
    AHBPrescTable                            0x20000004   Data          16  system_stm32f0xx.o(.data)
    minoserror                               0x20000018   Data           4  sys_os.o(.data)
    NRF_ID                                   0x2000001c   Data           1  main.o(.data)
    LED_STA                                  0x2000001d   Data           1  main.o(.data)
    cha                                      0x2000001e   Data           1  main.o(.data)
    ledruntime                               0x20000020   Data           4  main.o(.data)
    Rx_start                                 0x2000002f   Data           1  sys_usart.o(.data)
    Rx_Adr                                   0x20000030   Data           1  sys_usart.o(.data)
    Rx_IDLE                                  0x20000034   Data           4  sys_usart.o(.data)
    TxAddress                                0x2000004e   Data           4  nrf905.o(.data)
    TX_ADDRESS                               0x20000052   Data           5  g32-m0_nrf24l01.o(.data)
    RX_ADDRESS                               0x20000057   Data           5  g32-m0_nrf24l01.o(.data)
    __stdout                                 0x200000e4   Data           4  stdout.o(.data)
    timers                                   0x200000e8   Data          20  sys_os.o(.bss)
    nrf_test                                 0x200000fc   Data          32  main.o(.bss)
    RxBuffer                                 0x2000041c   Data         256  sys_usart.o(.bss)
    TxRxBuf                                  0x2000051c   Data          32  nrf905.o(.bss)
    NRF24L01_RXDATA                          0x2000053c   Data          32  g32-m0_nrf24l01.o(.bss)
    NRF24L01_TXDATA                          0x2000055c   Data          32  g32-m0_nrf24l01.o(.bss)
    NRF24L01_TXDATA_RC                       0x2000057c   Data          32  g32-m0_nrf24l01.o(.bss)
    __initial_sp                             0x20000dc0   Data           0  startup_stm32f0xx.o(STACK)



==============================================================================

Memory Map of the image

  Image Entry point : 0x080000c1

  Load Region LR_IROM1 (Base: 0x08000000, Size: 0x00002fa4, Max: 0x00004000, ABSOLUTE)

    Execution Region ER_IROM1 (Base: 0x08000000, Size: 0x00002ebc, Max: 0x00004000, ABSOLUTE)

    Base Addr    Size         Type   Attr      Idx    E Section Name        Object

    0x08000000   0x000000c0   Data   RO          780    RESET               startup_stm32f0xx.o
    0x080000c0   0x00000000   Code   RO          823  * .ARM.Collect$$$$00000000  mc_p.l(entry.o)
    0x080000c0   0x00000004   Code   RO         1094    .ARM.Collect$$$$00000001  mc_p.l(entry2.o)
    0x080000c4   0x00000004   Code   RO         1097    .ARM.Collect$$$$00000004  mc_p.l(entry5.o)
    0x080000c8   0x00000000   Code   RO         1099    .ARM.Collect$$$$00000008  mc_p.l(entry7b.o)
    0x080000c8   0x00000000   Code   RO         1101    .ARM.Collect$$$$0000000A  mc_p.l(entry8b.o)
    0x080000c8   0x00000008   Code   RO         1102    .ARM.Collect$$$$0000000B  mc_p.l(entry9a.o)
    0x080000d0   0x00000000   Code   RO         1104    .ARM.Collect$$$$0000000D  mc_p.l(entry10a.o)
    0x080000d0   0x00000000   Code   RO         1106    .ARM.Collect$$$$0000000F  mc_p.l(entry11a.o)
    0x080000d0   0x00000004   Code   RO         1095    .ARM.Collect$$$$00002712  mc_p.l(entry2.o)
    0x080000d4   0x000001f8   Code   RO            2    .text               system_stm32f0xx.o
    0x080002cc   0x00000098   Code   RO          108    .text               gpio.o
    0x08000364   0x00000180   Code   RO          131    .text               delay.o
    0x080004e4   0x00000140   Code   RO          154    .text               usart.o
    0x08000624   0x000002e0   Code   RO          200    .text               main.o
    0x08000904   0x00000050   Code   RO          240    .text               stm32f0xx_it.o
    0x08000954   0x000002e8   Code   RO          259    .text               sys_usart.o
    0x08000c3c   0x000002c0   Code   RO          302    .text               user_task_nrf24l01.o
    0x08000efc   0x000002fc   Code   RO          327    .text               user_task_nrf905.o
    0x080011f8   0x00000130   Code   RO          348    .text               spi.o
    0x08001328   0x000002d8   Code   RO          386    .text               nrf905.o
    0x08001600   0x00000294   Code   RO          415    .text               g32-m0_nrf24l01.o
    0x08001894   0x000001f0   Code   RO          585    .text               stm32f0xx_gpio.o
    0x08001a84   0x000000b4   Code   RO          633    .text               stm32f0xx_misc.o
    0x08001b38   0x000005f8   Code   RO          665    .text               stm32f0xx_rcc.o
    0x08002130   0x000003bc   Code   RO          699    .text               stm32f0xx_spi.o
    0x080024ec   0x0000054c   Code   RO          747    .text               stm32f0xx_usart.o
    0x08002a38   0x00000024   Code   RO          781    .text               startup_stm32f0xx.o
    0x08002a5c   0x00000328   Code   RO          804    .text               segger_rtt.o
    0x08002d84   0x0000002c   Code   RO          826    .text               mc_p.l(uidiv.o)
    0x08002db0   0x00000028   Code   RO          828    .text               mc_p.l(idiv.o)
    0x08002dd8   0x00000024   Code   RO          830    .text               mc_p.l(memcpya.o)
    0x08002dfc   0x00000024   Code   RO         1122    .text               mc_p.l(init.o)
    0x08002e20   0x00000014   Code   RO          835    i.__0printf$bare    mc_p.l(printfb.o)
    0x08002e34   0x0000001c   Code   RO          145    i.__ARM_common_switch8  delay.o
    0x08002e50   0x0000000e   Code   RO         1136    i.__scatterload_copy  mc_p.l(handlers.o)
    0x08002e5e   0x00000002   Code   RO         1137    i.__scatterload_null  mc_p.l(handlers.o)
    0x08002e60   0x0000000e   Code   RO         1138    i.__scatterload_zeroinit  mc_p.l(handlers.o)
    0x08002e6e   0x0000001e   Code   RO          842    i._printf_core      mc_p.l(printfb.o)
    0x08002e8c   0x0000000d   Data   RO          806    .conststring        segger_rtt.o
    0x08002e99   0x00000003   PAD
    0x08002e9c   0x00000020   Data   RO         1134    Region$$Table       anon$$obj.o


    Execution Region RW_IRAM1 (Base: 0x20000000, Size: 0x00000dc0, Max: 0x00001000, ABSOLUTE)

    Base Addr    Size         Type   Attr      Idx    E Section Name        Object

    0x20000000   0x00000014   Data   RW            3    .data               system_stm32f0xx.o
    0x20000014   0x00000004   Data   RW          132    .data               delay.o
    0x20000018   0x00000004   Data   RW          178    .data               sys_os.o
    0x2000001c   0x0000000e   Data   RW          202    .data               main.o
    0x2000002a   0x00000002   PAD
    0x2000002c   0x0000000f   Data   RW          261    .data               sys_usart.o
    0x2000003b   0x00000001   PAD
    0x2000003c   0x00000004   Data   RW          303    .data               user_task_nrf24l01.o
    0x20000040   0x00000004   Data   RW          328    .data               user_task_nrf905.o
    0x20000044   0x0000000e   Data   RW          388    .data               nrf905.o
    0x20000052   0x0000000a   Data   RW          417    .data               g32-m0_nrf24l01.o
    0x2000005c   0x00000010   Data   RW          666    .data               stm32f0xx_rcc.o
    0x2000006c   0x00000078   Data   RW          807    .data               segger_rtt.o
    0x200000e4   0x00000004   Data   RW         1108    .data               mc_p.l(stdout.o)
    0x200000e8   0x00000014   Zero   RW          177    .bss                sys_os.o
    0x200000fc   0x00000020   Zero   RW          201    .bss                main.o
    0x2000011c   0x00000400   Zero   RW          260    .bss                sys_usart.o
    0x2000051c   0x00000020   Zero   RW          387    .bss                nrf905.o
    0x2000053c   0x00000060   Zero   RW          416    .bss                g32-m0_nrf24l01.o
    0x2000059c   0x00000420   Zero   RW          805    .bss                segger_rtt.o
    0x200009bc   0x00000004   PAD
    0x200009c0   0x00000400   Zero   RW          778    STACK               startup_stm32f0xx.o


==============================================================================

Image component sizes


      Code (inc. data)   RO Data    RW Data    ZI Data      Debug   Object Name

       412         32          0          4          0       1550   delay.o
       660         14          0         10         96       4039   g32-m0_nrf24l01.o
       152         18          0          0          0       1143   gpio.o
       736         56          0         14         32       8837   main.o
       728         24          0         14         32       4406   nrf905.o
       808          4         13        120       1056       4787   segger_rtt.o
       304          8          0          0          0       1188   spi.o
        36         12        192          0       1024        864   startup_stm32f0xx.o
       496         22          0          0          0       4085   stm32f0xx_gpio.o
        80         14          0          0          0        628   stm32f0xx_it.o
       180         14          0          0          0       1776   stm32f0xx_misc.o
      1528         42          0         16          0       8998   stm32f0xx_rcc.o
       956         42          0          0          0       8015   stm32f0xx_spi.o
      1356         16          0          0          0      12230   stm32f0xx_usart.o
         0          0          0          4         20       1112   sys_os.o
       744         54          0         15       1024       5319   sys_usart.o
       504         34          0         20          0     125347   system_stm32f0xx.o
       320         12          0          0          0       1087   usart.o
       704        104          0          4          0       1524   user_task_nrf24l01.o
       764         90          0          4          0       1178   user_task_nrf905.o

    ----------------------------------------------------------------------
     11468        612        240        228       3288     198113   Object Totals
         0          0         32          0          0          0   (incl. Generated)
         0          0          3          3          4          0   (incl. Padding)

    ----------------------------------------------------------------------

      Code (inc. data)   RO Data    RW Data    ZI Data      Debug   Library Member Name

         0          0          0          0          0          0   entry.o
         0          0          0          0          0          0   entry10a.o
         0          0          0          0          0          0   entry11a.o
         8          4          0          0          0          0   entry2.o
         4          0          0          0          0          0   entry5.o
         0          0          0          0          0          0   entry7b.o
         0          0          0          0          0          0   entry8b.o
         8          4          0          0          0          0   entry9a.o
        30          0          0          0          0          0   handlers.o
        40          0          0          0          0         72   idiv.o
        36          8          0          0          0         68   init.o
        36          0          0          0          0         60   memcpya.o
        50          8          0          0          0        144   printfb.o
         0          0          0          4          0          0   stdout.o
        44          0          0          0          0         72   uidiv.o

    ----------------------------------------------------------------------
       256         24          0          4          0        416   Library Totals
         0          0          0          0          0          0   (incl. Padding)

    ----------------------------------------------------------------------

      Code (inc. data)   RO Data    RW Data    ZI Data      Debug   Library Name

       256         24          0          4          0        416   mc_p.l

    ----------------------------------------------------------------------
       256         24          0          4          0        416   Library Totals

    ----------------------------------------------------------------------

==============================================================================


      Code (inc. data)   RO Data    RW Data    ZI Data      Debug   

     11724        636        240        232       3288     197317   Grand Totals
     11724        636        240        232       3288     197317   ELF Image Totals
     11724        636        240        232          0          0   ROM Totals

==============================================================================

    Total RO  Size (Code + RO Data)                11964 (  11.68kB)
    Total RW  Size (RW Data + ZI Data)              3520 (   3.44kB)
    Total ROM Size (Code + RO Data + RW Data)      12196 (  11.91kB)

==============================================================================

